Archive member included to satisfy reference by file (symbol)

C:/devkitPro/libnds/lib\libnds9.a(console.o)
                              main.o (consoleDemoInit)
C:/devkitPro/libnds/lib\libnds9.a(keys.o)
                              main.o (scanKeys)
C:/devkitPro/libnds/lib\libnds9.a(initSystem.o)
                              c:/devkitpro/devkitarm/bin/../lib/gcc/arm-none-eabi/8.1.0/../../../../arm-none-eabi/lib/thumb/ds_arm9_crt0.o (initSystem)
C:/devkitPro/libnds/lib\libnds9.a(timeSupport.o)
                              C:/devkitPro/libnds/lib\libnds9.a(initSystem.o) (__libnds_gtod)
C:/devkitPro/libnds/lib\libnds9.a(securearea.o)
                              c:/devkitpro/devkitarm/bin/../lib/gcc/arm-none-eabi/8.1.0/../../../../arm-none-eabi/lib/thumb/ds_arm9_crt0.o (__secure_area__)
C:/devkitPro/libnds/lib\libnds9.a(interrupts.o)
                              main.o (irqSet)
C:/devkitPro/libnds/lib\libnds9.a(libnds_exit.arm.o)
                              c:/devkitpro/devkitarm/bin/../lib/gcc/arm-none-eabi/8.1.0/../../../../arm-none-eabi/lib/thumb/ds_arm9_crt0.o (__libnds_exit)
C:/devkitPro/libnds/lib\libnds9.a(fifosystem.o)
                              C:/devkitPro/libnds/lib\libnds9.a(initSystem.o) (fifoSetValue32Handler)
C:/devkitPro/libnds/lib\libnds9.a(dcache.o)
                              gba.o (DC_FlushRange)
C:/devkitPro/libnds/lib\libnds9.a(mpu_setup.o)
                              c:/devkitpro/devkitarm/bin/../lib/gcc/arm-none-eabi/8.1.0/../../../../arm-none-eabi/lib/thumb/ds_arm9_crt0.o (__libnds_mpu_setup)
C:/devkitPro/libnds/lib\libnds9.a(IntrWait.o)
                              main.o (swiWaitForVBlank)
C:/devkitPro/libnds/lib\libnds9.a(cpu_clock.o)
                              C:/devkitPro/libnds/lib\libnds9.a(initSystem.o) (setCpuClock)
C:/devkitPro/libnds/lib\libnds9.a(interruptDispatcher.o)
                              C:/devkitPro/libnds/lib\libnds9.a(interrupts.o) (IntrMain)
C:/devkitPro/libnds/lib\libnds9.a(debugprint.o)
                              C:/devkitPro/libnds/lib\libnds9.a(console.o) (nocashWrite)
C:/devkitPro/libnds/lib\libnds9.a(swiSoftReset.o)
                              C:/devkitPro/libnds/lib\libnds9.a(fifosystem.o) (swiSoftReset)
C:/devkitPro/libnds/lib\libnds9.a(biosCalls.o)
                              auxspi.o (swiDelay)
C:/devkitPro/libnds/lib\libnds9.a(default_font.bin.o)
                              C:/devkitPro/libnds/lib\libnds9.a(console.o) (default_font_bin)
C:/devkitPro/libnds/lib\libnds9.a(background.o)
                              C:/devkitPro/libnds/lib\libnds9.a(console.o) (bgState)
C:/devkitPro/libnds/lib\libnds9.a(video.o)
                              C:/devkitPro/libnds/lib\libnds9.a(initSystem.o) (vramDefault)
C:/devkitPro/libnds/lib\libnds9.a(system.o)
                              C:/devkitPro/libnds/lib\libnds9.a(initSystem.o) (systemValueHandler)
C:/devkitPro/libnds/lib\libnds9.a(trig.o)
                              C:/devkitPro/libnds/lib\libnds9.a(background.o) (sinLerp)
C:/devkitPro/libnds/lib\libdsgmdswifi9.a(wifi_arm9.o)
                              main.o (Wifi_RxRawReadPacket)
C:/devkitPro/libnds/lib\libdsgmdswifi9.a(spinlock.o)
                              C:/devkitPro/libnds/lib\libdsgmdswifi9.a(wifi_arm9.o) (SLasm_Acquire)
C:/devkitPro/libnds/lib\libdsgmdswifi9.a(sgIP.o)
                              C:/devkitPro/libnds/lib\libdsgmdswifi9.a(wifi_arm9.o) (sgIP_Init)
C:/devkitPro/libnds/lib\libdsgmdswifi9.a(sgIP_ARP.o)
                              C:/devkitPro/libnds/lib\libdsgmdswifi9.a(sgIP.o) (sgIP_ARP_Init)
C:/devkitPro/libnds/lib\libdsgmdswifi9.a(sgIP_DHCP.o)
                              C:/devkitPro/libnds/lib\libdsgmdswifi9.a(sgIP.o) (sgIP_DHCP_Init)
C:/devkitPro/libnds/lib\libdsgmdswifi9.a(sgIP_DNS.o)
                              C:/devkitPro/libnds/lib\libdsgmdswifi9.a(sgIP.o) (sgIP_DNS_Init)
C:/devkitPro/libnds/lib\libdsgmdswifi9.a(sgIP_Hub.o)
                              C:/devkitPro/libnds/lib\libdsgmdswifi9.a(sgIP.o) (sgIP_Hub_Init)
C:/devkitPro/libnds/lib\libdsgmdswifi9.a(sgIP_IP.o)
                              C:/devkitPro/libnds/lib\libdsgmdswifi9.a(sgIP.o) (sgIP_IP_ReceivePacket)
C:/devkitPro/libnds/lib\libdsgmdswifi9.a(sgIP_TCP.o)
                              C:/devkitPro/libnds/lib\libdsgmdswifi9.a(sgIP.o) (sgIP_TCP_Init)
C:/devkitPro/libnds/lib\libdsgmdswifi9.a(sgIP_UDP.o)
                              C:/devkitPro/libnds/lib\libdsgmdswifi9.a(sgIP.o) (sgIP_UDP_Init)
C:/devkitPro/libnds/lib\libdsgmdswifi9.a(sgIP_memblock.o)
                              C:/devkitPro/libnds/lib\libdsgmdswifi9.a(sgIP.o) (sgIP_memblock_Init)
C:/devkitPro/libnds/lib\libdsgmdswifi9.a(sgIP_sockets.o)
                              C:/devkitPro/libnds/lib\libdsgmdswifi9.a(sgIP.o) (sgIP_sockets_Init)
C:/devkitPro/libnds/lib\libdsgmdswifi9.a(sgIP_ICMP.o)
                              C:/devkitPro/libnds/lib\libdsgmdswifi9.a(sgIP_IP.o) (sgIP_ICMP_ReceivePacket)
[...]
Memory Configuration

Name             Origin             Length             Attributes
ewram            0x0000000002000000 0x0000000000380000
dtcm             0x000000000b000000 0x0000000000004000
vectors          0x0000000001000000 0x0000000000000100
itcm             0x0000000001000100 0x0000000000007f00
*default*        0x0000000000000000 0xffffffffffffffff

Linker script and memory map

                0x0000000002380000                __ewram_end = (ORIGIN (ewram) + LENGTH (ewram))
                0x0000000002380000                __eheap_end = (ORIGIN (ewram) + LENGTH (ewram))
                0x000000000b004000                __dtcm_top = (ORIGIN (dtcm) + LENGTH (dtcm))
                0x000000000b003ff8                __irq_flags = (__dtcm_top - 0x8)
                0x000000000b003ffc                __irq_vector = (__dtcm_top - 0x4)
                0x000000000b003f00                __sp_svc = (__dtcm_top - 0x100)
                0x000000000b003e00                __sp_irq = (__sp_svc - 0x100)
                0x000000000b003d00                __sp_usr = (__sp_irq - 0x100)

.secure         0x0000000002000000      0x800
 *(.secure)
 .secure        0x0000000002000000      0x800 C:/devkitPro/libnds/lib\libnds9.a(securearea.o)
                0x0000000002000000                __secure_area__

.crt0           0x0000000002000800      0x300
                0x0000000002000800                __text_start = .
 *(.crt0)
 .crt0          0x0000000002000800      0x300 c:/devkitpro/devkitarm/bin/../lib/gcc/arm-none-eabi/8.1.0/../../../../arm-none-eabi/lib/thumb/ds_arm9_crt0.o
                0x0000000002000800                _start
                0x0000000002000b00                . = ALIGN (0x4)

.plt
 *(.plt)

.init           0x0000000002000b00        0xc
 *(SORT_NONE(.init))
 .init          0x0000000002000b00        0x4 c:/devkitpro/devkitarm/bin/../lib/gcc/arm-none-eabi/8.1.0/thumb/crti.o
                0x0000000002000b00                _init
 .init          0x0000000002000b04        0x8 c:/devkitpro/devkitarm/bin/../lib/gcc/arm-none-eabi/8.1.0/thumb/crtn.o

.text           0x0000000002000b10    0x150b8
 *(EXCLUDE_FILE(*.twl* *.vectors* *.itcm*) .text)
 .text          0x0000000002000b10      0xbbc auxspi.o
                0x0000000002000b10                jedec_table(unsigned long)
                0x0000000002000ba0                auxspi_disable_infrared()
                0x0000000002000bf4                auxspi_disable_big_protection()
                0x0000000002000e58                auxspi_disable_extra(auxspi_extra)
                0x0000000002000ebc                auxspi_save_jedec_id(auxspi_extra)
                0x0000000002000f48                auxspi_save_status_register(auxspi_extra)
                0x0000000002000fac                auxspi_save_type(auxspi_extra)
                0x0000000002000fec                auxspi_read_data(unsigned long, unsigned char*, unsigned short, unsigned char, auxspi_extra)
                0x00000000020010f4                auxspi_write_data(unsigned long, unsigned char*, unsigned short, unsigned char, auxspi_extra)
                0x0000000002001318                type2_size(auxspi_extra)
                0x0000000002001394                auxspi_save_size_log_2(auxspi_extra)
                0x00000000020013c8                auxspi_save_size(auxspi_extra)
                0x00000000020013d8                auxspi_has_extra()
                0x0000000002001410                auxspi_erase(auxspi_extra)
                0x0000000002001590                auxspi_erase_sector(unsigned long, auxspi_extra)
 .text          0x00000000020016cc       0xb4 main.o
                0x00000000020016cc                Vblank()
                0x00000000020016dc                DSGM_WirelessHandler(int, int)
                0x00000000020016fc                DSGM_SendWirelessData(unsigned short*, int)
                0x000000000200171c                mode_gba()
                0x0000000002001774                toShort(unsigned char*)
 .text          0x0000000002001780      0x774 gba.o
                0x0000000002001780                GetSlot2SaveType(cartTypeGBA)
                0x00000000020017ac                GetSlot2Type(unsigned long)
                0x00000000020017c4                gbaIsGame()
                0x00000000020017f0                gbaGetSaveType()
                0x0000000002001844                gbaGetSaveSizeLog2(unsigned char)
                0x00000000020018b4                gbaGetSaveSize(unsigned char)
                0x00000000020018c4                gbaEepromRead8Bytes(unsigned char*, unsigned long, bool)
                0x00000000020019f4                gbaEepromWrite8Bytes(unsigned char*, unsigned long, bool)
                0x00000000020019f8                gbaReadSave(unsigned char*, unsigned long, unsigned long, unsigned char)
                0x0000000002001b9c                gbaIsAtmel()
                0x0000000002001c28                gbaWriteSave(unsigned long, unsigned char*, unsigned long, unsigned char)
                0x0000000002001e68                gbaFormatSave(unsigned char)
 .text          0x0000000002001ef4      0x130 hardware.o
                0x0000000002001ef4                writeGBAtoDS(unsigned char*)
                0x0000000002001fa8                log2trunc(unsigned long)
                0x0000000002001fc4                hwDetect()
                0x0000000002001fcc                hwBackupGBA(unsigned char)
 .text          0x0000000002002024     0x178c C:/devkitPro/libnds/lib\libdsgmdswifi9.a(wifi_arm9.o)
                0x0000000002002024                Wifi_Interface_Init
                0x000000000200206c                Wifi_TransmitFunction
                0x00000000020023e4                arm9_synctoarm7
                0x00000000020023f0                setWirelessMode
                0x0000000002002400                sgIP_IntrWaitEvent
                0x0000000002002404                wHeapAllocInit
                0x0000000002002430                wHeapAlloc
                0x00000000020024e4                wHeapFree
                0x0000000002002504                sgIP_malloc
                0x000000000200250c                sgIP_free
                0x000000000200252c                ethhdr_print
                0x0000000002002530                erasemem
                0x0000000002002544                Wifi_CopyMacAddr
                0x0000000002002554                Wifi_CmpMacAddr
                0x0000000002002578                Wifi_TxBufferWordsAvailable
                0x00000000020025a0                Wifi_TxBufferWrite
                0x0000000002002608                Wifi_RxRawReadPacket
                0x000000000200267c                Wifi_RxReadOffset
                0x00000000020026a8                Wifi_RawTxFrame
                0x0000000002002a60                Wifi_RawSetPacketHandler
                0x0000000002002a6c                Wifi_SetSyncHandler
                0x0000000002002a78                Wifi_DisableWifi
                0x0000000002002a94                Wifi_EnableWifi
                0x0000000002002aac                Wifi_SetPromiscuousMode
                0x0000000002002ad8                Wifi_ScanMode
                0x0000000002002af4                Wifi_SetChannel
                0x0000000002002b20                Wifi_GetNumAP
                0x0000000002002b48                Wifi_GetAPData
                0x0000000002002bec                Wifi_FindMatchingAP
                0x0000000002002d20                Wifi_ConnectAP
                0x0000000002002e30                Wifi_AutoConnect
                0x0000000002002e58                Wifi_AssocStatus
                0x00000000020031bc                Wifi_DisconnectAP
                0x00000000020031e4                Wifi_Init
                0x0000000002003274                Wifi_CheckInit
                0x0000000002003298                Wifi_Update
                0x00000000020035a8                Wifi_Timer
                0x00000000020035b8                Timer_50ms
                0x00000000020035c8                wifiValue32Handler
                0x00000000020035e8                Wifi_GetIP
                0x0000000002003600                Wifi_GetIPInfo
                0x0000000002003638                Wifi_SetIP
                0x000000000200365c                Wifi_SetDHCP
                0x0000000002003660                Wifi_GetData
                0x00000000020036c0                Wifi_GetStats
                0x00000000020036e4                Wifi_Sync
                0x0000000002003700                Wifi_InitDefault
 .text          0x00000000020037b0       0x5c C:/devkitPro/libnds/lib\libdsgmdswifi9.a(spinlock.o)
                0x00000000020037b0                SLasm_Acquire
                0x00000000020037e4                SLasm_Release
 .text          0x000000000200380c       0xb0 C:/devkitPro/libnds/lib\libdsgmdswifi9.a(sgIP.o)
                0x000000000200380c                sgIP_Init
                0x0000000002003848                sgIP_Timer
 .text          0x00000000020038bc      0x668 C:/devkitPro/libnds/lib\libdsgmdswifi9.a(sgIP_ARP.o)
                0x00000000020038bc                sgIP_FindArpSlot
                0x00000000020038f8                sgIP_GetArpSlot
                0x0000000002003944                sgIP_is_broadcast_address
                0x0000000002003954                sgIP_ARP_Check_isok
                0x0000000002003958                sgIP_ARP_Init
                0x0000000002003978                sgIP_ARP_FlushInterface
                0x00000000020039ac                sgIP_ARP_ProcessIPFrame
                0x00000000020039b0                sgIP_ARP_SendARPResponse
                0x0000000002003a94                sgIP_ARP_SendGratARP
                0x0000000002003b70                sgIP_ARP_SendARPRequest
                0x0000000002003c50                sgIP_ARP_Timer100ms
                0x0000000002003cdc                sgIP_ARP_SendProtocolFrame
                0x0000000002003e08                sgIP_ARP_ProcessARPFrame
 .text          0x0000000002003f24      0x8c4 C:/devkitPro/libnds/lib\libdsgmdswifi9.a(sgIP_DHCP.o)
                0x0000000002003f24                sgIP_DHCP_Init
                0x0000000002003f6c                sgIP_DHCP_SetHostName
                0x0000000002003f88                sgIP_DHCP_IsDhcpIp
                0x0000000002003f98                sgIP_DHCP_SendDgram
                0x0000000002004008                sgIP_DHCP_BeginDgram
                0x00000000020041f8                sgIP_DHCP_Terminate
                0x0000000002004230                sgIP_DHCP_Start
                0x00000000020042f0                sgIP_DHCP_Release
                0x0000000002004324                sgIP_DHCP_Update
                0x0000000002004734                gethostname
                0x0000000002004770                sethostname
 .text          0x00000000020047e8      0xa50 C:/devkitPro/libnds/lib\libdsgmdswifi9.a(sgIP_DNS.o)
                0x000000000200487c                sgIP_DNS_Init
                0x00000000020048b4                sgIP_DNS_Timer1000ms
                0x0000000002004904                sgIP_DNS_isipaddress
                0x0000000002004b10                sgIP_DNS_FindDNSRecord
                0x0000000002004c1c                sgIP_DNS_GetUnusedRecord
                0x0000000002004ca4                sgIP_DNS_GenerateHostent
                0x0000000002004d60                sgIP_DNS_CopyAliasAt
                0x0000000002004dd8                sgIP_DNS_gethostbyname
                0x00000000020051f0                inet_addr
                0x000000000200520c                inet_aton
                0x0000000002005228                inet_ntoa
 .text          0x0000000002005238      0x1f0 C:/devkitPro/libnds/lib\libdsgmdswifi9.a(sgIP_Hub.o)
                0x0000000002005238                sgIP_Hub_Init
                0x000000000200524c                sgIP_Hub_AddProtocolInterface
                0x0000000002005288                sgIP_Hub_AddHardwareInterface
                0x00000000020052c4                sgIP_Hub_RemoveProtocolInterface
                0x00000000020052e4                sgIP_Hub_RemoveHardwareInterface
                0x0000000002005304                sgIP_Hub_ReceiveHardwarePacket
                0x0000000002005364                sgIP_Hub_SendProtocolPacket
                0x00000000020053ac                sgIP_Hub_SendRawPacket
                0x00000000020053d4                sgIP_Hub_IPMaxMessageSize
                0x00000000020053dc                sgIP_Hub_GetCompatibleIP
                0x00000000020053f0                sgIP_Hub_GetDefaultInterface
                0x0000000002005404                htons
                0x0000000002005410                htonl
 .text          0x0000000002005428      0x138 C:/devkitPro/libnds/lib\libdsgmdswifi9.a(sgIP_IP.o)
                0x0000000002005428                sgIP_IP_ReceivePacket
                0x00000000020054bc                sgIP_IP_MaxContentsSize
                0x00000000020054c8                sgIP_IP_RequiredHeaderSize
                0x00000000020054cc                sgIP_IP_SendViaIP
                0x0000000002005550                sgIP_IP_GetLocalBindAddr
 .text          0x0000000002005560     0x11a8 C:/devkitPro/libnds/lib\libdsgmdswifi9.a(sgIP_TCP.o)
                0x0000000002005560                sgIP_TCP_Init
                0x0000000002005594                sgIP_TCP_support_seqhash
                0x00000000020055e0                sgIP_TCP_GetUnusedOutgoingPort
                0x0000000002005648                sgIP_TCP_CalcChecksum
                0x00000000020056a4                sgIP_TCP_GenHeader
                0x0000000002005754                sgIP_TCP_FixChecksum
                0x00000000020057b8                sgIP_TCP_SendPacket
                0x00000000020058a0                sgIP_TCP_SendSynReply
                0x0000000002005948                sgIP_TCP_Timer
                0x0000000002005b84                sgIP_TCP_AllocRecord
                0x0000000002005bd0                sgIP_TCP_ReceivePacket
                0x0000000002006214                sgIP_TCP_FreeRecord
                0x0000000002006324                sgIP_TCP_Bind
                0x0000000002006350                sgIP_TCP_Listen
                0x00000000020063a8                sgIP_TCP_Accept
                0x0000000002006438                sgIP_TCP_Close
                0x000000000200646c                sgIP_TCP_Connect
                0x00000000020064f8                sgIP_TCP_Send
                0x0000000002006614                sgIP_TCP_Recv
 .text          0x0000000002006708      0x460 C:/devkitPro/libnds/lib\libdsgmdswifi9.a(sgIP_UDP.o)
                0x0000000002006708                sgIP_UDP_Init
                0x0000000002006724                sgIP_UDP_GetUnusedOutgoingPort
                0x0000000002006788                sgIP_UDP_CalcChecksum
                0x00000000020067f0                sgIP_UDP_ReceivePacket
                0x0000000002006898                sgIP_UDP_SendPacket
                0x000000000200698c                sgIP_UDP_AllocRecord
                0x00000000020069c4                sgIP_UDP_FreeRecord
                0x0000000002006a1c                sgIP_UDP_Bind
                0x0000000002006a58                sgIP_UDP_RecvFrom
                0x0000000002006b54                sgIP_UDP_SendTo
 .text          0x0000000002006b68      0x248 C:/devkitPro/libnds/lib\libdsgmdswifi9.a(sgIP_memblock.o)
                0x0000000002006b68                sgIP_memblock_Init
                0x0000000002006b6c                sgIP_memblock_allocHW
                0x0000000002006b90                sgIP_memblock_alloc
                0x0000000002006b9c                sgIP_memblock_free
                0x0000000002006bc8                sgIP_memblock_exposeheader
                0x0000000002006bf0                sgIP_memblock_trimsize
                0x0000000002006c20                sgIP_memblock_IPChecksum
                0x0000000002006cc8                sgIP_memblock_CopyToLinear
                0x0000000002006d3c                sgIP_memblock_CopyFromLinear
                0x0000000002006dac                sgIP_memblock_CopyBlock
 .text          0x0000000002006db0      0xd58 C:/devkitPro/libnds/lib\libdsgmdswifi9.a(sgIP_sockets.o)
                0x0000000002006db0                sgIP_sockets_Init
                0x0000000002006dcc                spawn_socket
                0x0000000002006e20                kill_socket
                0x0000000002006e58                socket
                0x0000000002006ee8                forceclosesocket
                0x0000000002006f3c                sgIP_sockets_Timer1000ms
                0x0000000002006fa4                bind
                0x0000000002007020                connect
                0x000000000200711c                send
                0x00000000020071d0                recv
                0x0000000002007284                sendto
                0x000000000200730c                recvfrom
                0x00000000020073e0                listen
                0x0000000002007450                accept
                0x000000000200754c                shutdown
                0x00000000020075ac                closesocket
                0x0000000002007630                ioctl
                0x00000000020076e0                setsockopt
                0x00000000020076e4                getsockopt
                0x00000000020076e8                getpeername
                0x000000000200778c                getsockname
                0x0000000002007834                gethostbyname
                0x000000000200783c                select
 .text          0x0000000002007b08       0x64 C:/devkitPro/libnds/lib\libdsgmdswifi9.a(sgIP_ICMP.o)
                0x0000000002007b08                sgIP_ICMP_Init
                0x0000000002007b0c                sgIP_ICMP_ReceivePacket
 .text          0x0000000002007b6c      0x11c c:/devkitpro/devkitarm/bin/../lib/gcc/arm-none-eabi/8.1.0/thumb\libgcc.a(_udivsi3.o)
                0x0000000002007b6c                __aeabi_uidiv
                0x0000000002007b6c                __udivsi3
                0x0000000002007c68                __aeabi_uidivmod
 .text          0x0000000002007c88      0x150 c:/devkitpro/devkitarm/bin/../lib/gcc/arm-none-eabi/8.1.0/thumb\libgcc.a(_divsi3.o)
                0x0000000002007c88                __divsi3
                0x0000000002007c88                __aeabi_idiv
                0x0000000002007db8                __aeabi_idivmod
 .text          0x0000000002007dd8        0x4 c:/devkitpro/devkitarm/bin/../lib/gcc/arm-none-eabi/8.1.0/thumb\libgcc.a(_dvmd_tls.o)
                0x0000000002007dd8                __aeabi_idiv0
                0x0000000002007dd8                __aeabi_ldiv0
 .text          0x0000000002007ddc      0x224 c:/devkitpro/devkitarm/bin/../lib/gcc/arm-none-eabi/8.1.0/../../../../arm-none-eabi/lib/thumb\libg.a(lib_a-strcmp.o)
                0x0000000002007ddc                strcmp
 .text          0x0000000002008000       0x14 c:/devkitpro/devkitarm/bin/../lib/gcc/arm-none-eabi/8.1.0/thumb\libgcc.a(_thumb1_case_uqi.o)
                0x0000000002008000                __gnu_thumb1_case_uqi
 .text          0x0000000002008014       0x14 c:/devkitpro/devkitarm/bin/../lib/gcc/arm-none-eabi/8.1.0/thumb\libgcc.a(_thumb1_case_uhi.o)
                0x0000000002008014                __gnu_thumb1_case_uhi
 .text          0x0000000002008028      0x424 c:/devkitpro/devkitarm/bin/../lib/gcc/arm-none-eabi/8.1.0/thumb\libgcc.a(_arm_addsubdf3.o)
                0x0000000002008028                __aeabi_drsub
                0x0000000002008030                __aeabi_dsub
                0x0000000002008030                __subdf3
                0x0000000002008034                __aeabi_dadd
                0x0000000002008034                __adddf3
                0x0000000002008344                __floatunsidf
                0x0000000002008344                __aeabi_ui2d
                0x0000000002008368                __floatsidf
                0x0000000002008368                __aeabi_i2d
                0x0000000002008390                __aeabi_f2d
                0x0000000002008390                __extendsfdf2
                0x00000000020083d8                __floatundidf
                0x00000000020083d8                __aeabi_ul2d
                0x00000000020083ec                __floatdidf
                0x00000000020083ec                __aeabi_l2d
 .text          0x000000000200844c      0x49c c:/devkitpro/devkitarm/bin/../lib/gcc/arm-none-eabi/8.1.0/thumb\libgcc.a(_arm_muldivdf3.o)
                0x000000000200844c                __aeabi_dmul
                0x000000000200844c                __muldf3
                0x00000000020086dc                __divdf3
                0x00000000020086dc                __aeabi_ddiv
 .text          0x00000000020088e8      0x144 c:/devkitpro/devkitarm/bin/../lib/gcc/arm-none-eabi/8.1.0/thumb\libgcc.a(_arm_cmpdf2.o)
                0x00000000020088e8                __gtdf2
                0x00000000020088e8                __gedf2
                0x00000000020088f0                __ltdf2
                0x00000000020088f0                __ledf2
                0x00000000020088f8                __nedf2
                0x00000000020088f8                __eqdf2
                0x00000000020088f8                __cmpdf2
                0x0000000002008980                __aeabi_cdrcmple
                0x000000000200899c                __aeabi_cdcmpeq
                0x000000000200899c                __aeabi_cdcmple
                0x00000000020089b4                __aeabi_dcmpeq
                0x00000000020089cc                __aeabi_dcmplt
                0x00000000020089e4                __aeabi_dcmple
                0x00000000020089fc                __aeabi_dcmpge
                0x0000000002008a14                __aeabi_dcmpgt
 .text          0x0000000002008a2c       0x38 c:/devkitpro/devkitarm/bin/../lib/gcc/arm-none-eabi/8.1.0/thumb\libgcc.a(_arm_unorddf2.o)
                0x0000000002008a2c                __unorddf2
                0x0000000002008a2c                __aeabi_dcmpun
 .text          0x0000000002008a64       0x5c c:/devkitpro/devkitarm/bin/../lib/gcc/arm-none-eabi/8.1.0/thumb\libgcc.a(_arm_fixdfsi.o)
                0x0000000002008a64                __aeabi_d2iz
                0x0000000002008a64                __fixdfsi
 .text          0x0000000002008ac0       0x3c c:/devkitpro/devkitarm/bin/../lib/gcc/arm-none-eabi/8.1.0/thumb\libgcc.a(_aeabi_uldivmod.o)
                0x0000000002008ac0                __aeabi_uldivmod
 .text          0x0000000002008afc       0x28 c:/devkitpro/devkitarm/bin/../lib/gcc/arm-none-eabi/8.1.0/thumb\libgcc.a(_clzdi2.o)
                0x0000000002008afc                __clzdi2
 .text          0x0000000002008b24       0x48 c:/devkitpro/devkitarm/bin/../lib/gcc/arm-none-eabi/8.1.0/thumb\libgcc.a(_clzsi2.o)
                0x0000000002008b24                __clzsi2
 *(EXCLUDE_FILE(*.twl* *.vectors* *.itcm*) .stub)
 *(EXCLUDE_FILE(*.twl* *.vectors* *.itcm*) .text.*)
 .text.deregister_tm_clones
                0x0000000002008b6c       0x2c c:/devkitpro/devkitarm/bin/../lib/gcc/arm-none-eabi/8.1.0/thumb/crtbegin.o
 .text.register_tm_clones
                0x0000000002008b98       0x34 c:/devkitpro/devkitarm/bin/../lib/gcc/arm-none-eabi/8.1.0/thumb/crtbegin.o
 .text.__do_global_dtors_aux
                0x0000000002008bcc       0x30 c:/devkitpro/devkitarm/bin/../lib/gcc/arm-none-eabi/8.1.0/thumb/crtbegin.o
 .text.frame_dummy
                0x0000000002008bfc       0x28 c:/devkitpro/devkitarm/bin/../lib/gcc/arm-none-eabi/8.1.0/thumb/crtbegin.o
 .text.startup  0x0000000002008c24       0xf4 main.o
                0x0000000002008c24                main
 .text.newRow   0x0000000002008d18       0xb4 C:/devkitPro/libnds/lib\libnds9.a(console.o)
 .text.consolePrintChar
                0x0000000002008dcc       0xec C:/devkitPro/libnds/lib\libnds9.a(console.o)
                0x0000000002008dcc                consolePrintChar
 .text.consoleCls
                0x0000000002008eb8       0xe0 C:/devkitPro/libnds/lib\libnds9.a(console.o)
 .text.consoleLoadFont
                0x0000000002008f98      0x280 C:/devkitPro/libnds/lib\libnds9.a(console.o)
                0x0000000002008f98                consoleLoadFont
 .text.consoleInit
                0x0000000002009218      0x15c C:/devkitPro/libnds/lib\libnds9.a(console.o)
                0x0000000002009218                consoleInit
 .text.consoleDemoInit
                0x0000000002009374       0x40 C:/devkitPro/libnds/lib\libnds9.a(console.o)
                0x0000000002009374                consoleDemoInit
 .text.con_write
                0x00000000020093b4      0x27c C:/devkitPro/libnds/lib\libnds9.a(console.o)
                0x00000000020093b4                con_write
 .text.scanKeys
                0x0000000002009630       0x8c C:/devkitPro/libnds/lib\libnds9.a(keys.o)
                0x0000000002009630                scanKeys
 .text.keysDown
                0x00000000020096bc       0x14 C:/devkitPro/libnds/lib\libnds9.a(keys.o)
                0x00000000020096bc                keysDown
 .text.initSystem
                0x00000000020096d0      0x198 C:/devkitPro/libnds/lib\libnds9.a(initSystem.o)
                0x00000000020096d0                initSystem
 .text.__libnds_gtod
                0x0000000002009868       0x28 C:/devkitPro/libnds/lib\libnds9.a(timeSupport.o)
                0x0000000002009868                __libnds_gtod
 .text.irqDummy
                0x0000000002009890        0x4 C:/devkitPro/libnds/lib\libnds9.a(interrupts.o)
                0x0000000002009890                irqDummy
 .text.irqSet   0x0000000002009894       0x6c C:/devkitPro/libnds/lib\libnds9.a(interrupts.o)
                0x0000000002009894                irqSet
 .text.irqInit  0x0000000002009900       0x50 C:/devkitPro/libnds/lib\libnds9.a(interrupts.o)
                0x0000000002009900                irqInit
 .text.irqEnable
                0x0000000002009950       0x64 C:/devkitPro/libnds/lib\libnds9.a(interrupts.o)
                0x0000000002009950                irqEnable
 .text.systemErrorExit
                0x00000000020099b4        0x4 C:/devkitPro/libnds/lib\libnds9.a(libnds_exit.arm.o)
                0x00000000020099b4                systemErrorExit
 .text.__libnds_exit
                0x00000000020099b8       0x5c C:/devkitPro/libnds/lib\libnds9.a(libnds_exit.arm.o)
                0x00000000020099b8                __libnds_exit
 .text.fifo_waitBlock
                0x0000000002009a14       0x80 C:/devkitPro/libnds/lib\libnds9.a(fifosystem.o)
 .text.fifo_queueBlock
                0x0000000002009a94       0x40 C:/devkitPro/libnds/lib\libnds9.a(fifosystem.o)
 .text.fifoInternalSendInterrupt
                0x0000000002009ad4       0xac C:/devkitPro/libnds/lib\libnds9.a(fifosystem.o)
 .text.fifoInternalSend.part.2
                0x0000000002009b80       0xd4 C:/devkitPro/libnds/lib\libnds9.a(fifosystem.o)
 .text.fifoGetValue32.part.3
                0x0000000002009c54       0x74 C:/devkitPro/libnds/lib\libnds9.a(fifosystem.o)
 .text.fifoSetValue32Handler
                0x0000000002009cc8       0x78 C:/devkitPro/libnds/lib\libnds9.a(fifosystem.o)
                0x0000000002009cc8                fifoSetValue32Handler
 .text.fifoSendAddress
                0x0000000002009d40       0x38 C:/devkitPro/libnds/lib\libnds9.a(fifosystem.o)
                0x0000000002009d40                fifoSendAddress
 .text.fifoSendValue32
                0x0000000002009d78       0x4c C:/devkitPro/libnds/lib\libnds9.a(fifosystem.o)
                0x0000000002009d78                fifoSendValue32
 .text.fifoGetDatamsg
                0x0000000002009dc4      0x138 C:/devkitPro/libnds/lib\libnds9.a(fifosystem.o)
                0x0000000002009dc4                fifoGetDatamsg
 .text.fifoInternalRecvInterrupt
                0x0000000002009efc      0x3dc C:/devkitPro/libnds/lib\libnds9.a(fifosystem.o)
 .text.fifoSetDatamsgHandler
                0x000000000200a2d8       0x9c C:/devkitPro/libnds/lib\libnds9.a(fifosystem.o)
                0x000000000200a2d8                fifoSetDatamsgHandler
 .text.fifoInit
                0x000000000200a374      0x104 C:/devkitPro/libnds/lib\libnds9.a(fifosystem.o)
                0x000000000200a374                fifoInit
 .text.DC_FlushAll
                0x000000000200a478       0x2c C:/devkitPro/libnds/lib\libnds9.a(dcache.o)
                0x000000000200a478                DC_FlushAll
 .text.DC_FlushRange
                0x000000000200a4a4       0x24 C:/devkitPro/libnds/lib\libnds9.a(dcache.o)
                0x000000000200a4a4                DC_FlushRange
 .text.__libnds_mpu_setup
                0x000000000200a4c8      0x174 C:/devkitPro/libnds/lib\libnds9.a(mpu_setup.o)
                0x000000000200a4c8                __libnds_mpu_setup
 .text.memUncached
                0x000000000200a63c       0x20 C:/devkitPro/libnds/lib\libnds9.a(mpu_setup.o)
                0x000000000200a63c                memUncached
 .text.swiWaitForVBlank
                0x000000000200a65c        0x8 C:/devkitPro/libnds/lib\libnds9.a(IntrWait.o)
                0x000000000200a65c                swiWaitForVBlank
 .text.swiIntrWait
                0x000000000200a664       0x70 C:/devkitPro/libnds/lib\libnds9.a(IntrWait.o)
                0x000000000200a664                swiIntrWait
 .text.setCpuClock
                0x000000000200a6d4       0x50 C:/devkitPro/libnds/lib\libnds9.a(cpu_clock.o)
                0x000000000200a6d4                setCpuClock
 .text.swiSoftReset
                0x000000000200a724       0x2c C:/devkitPro/libnds/lib\libnds9.a(swiSoftReset.o)
                0x000000000200a724                swiSoftReset
 .text.swiDelay
                0x000000000200a750        0x4 C:/devkitPro/libnds/lib\libnds9.a(biosCalls.o)
                0x000000000200a750                swiDelay
 .text.checkIfText.part.0
                0x000000000200a754       0x40 C:/devkitPro/libnds/lib\libnds9.a(background.o)
 .text.bgUpdate
                0x000000000200a794      0x104 C:/devkitPro/libnds/lib\libnds9.a(background.o)
                0x000000000200a794                bgUpdate
 .text.bgInit_call
                0x000000000200a898      0x110 C:/devkitPro/libnds/lib\libnds9.a(background.o)
                0x000000000200a898                bgInit_call
 .text.bgInitSub_call
                0x000000000200a9a8       0xf4 C:/devkitPro/libnds/lib\libnds9.a(background.o)
                0x000000000200a9a8                bgInitSub_call
 .text.vramDefault
                0x000000000200aa9c       0xd0 C:/devkitPro/libnds/lib\libnds9.a(video.o)
                0x000000000200aa9c                vramDefault
 .text.systemValueHandler
                0x000000000200ab6c       0x48 C:/devkitPro/libnds/lib\libnds9.a(system.o)
                0x000000000200ab6c                systemValueHandler
 .text.systemMsgHandler
                0x000000000200abb4       0x5c C:/devkitPro/libnds/lib\libnds9.a(system.o)
                0x000000000200abb4                systemMsgHandler
 .text.powerOn  0x000000000200ac10       0x2c C:/devkitPro/libnds/lib\libnds9.a(system.o)
                0x000000000200ac10                powerOn
 .text.sinLutLookup
                0x000000000200ac3c       0x3c C:/devkitPro/libnds/lib\libnds9.a(trig.o)
                0x000000000200ac3c                sinLutLookup
 .text.sinLerp  0x000000000200ac78       0x44 C:/devkitPro/libnds/lib\libnds9.a(trig.o)
                0x000000000200ac78                sinLerp
 .text.cosLerp  0x000000000200acbc       0x14 C:/devkitPro/libnds/lib\libnds9.a(trig.o)
                0x000000000200acbc                cosLerp
 .text.__errno  0x000000000200acd0        0xc c:/devkitpro/devkitarm/bin/../lib/gcc/arm-none-eabi/8.1.0/../../../../arm-none-eabi/lib/thumb\libg.a(lib_a-errno.o)
                0x000000000200acd0                __errno
 .text.__libc_init_array
                0x000000000200acdc       0x50 c:/devkitpro/devkitarm/bin/../lib/gcc/arm-none-eabi/8.1.0/../../../../arm-none-eabi/lib/thumb\libg.a(lib_a-init.o)
                0x000000000200acdc                __libc_init_array
 .text.iprintf  0x000000000200ad2c       0x24 c:/devkitpro/devkitarm/bin/../lib/gcc/arm-none-eabi/8.1.0/../../../../arm-none-eabi/lib/thumb\libg.a(lib_a-iprintf.o)
                0x000000000200ad2c                iprintf
 .text.malloc   0x000000000200ad50       0x14 c:/devkitpro/devkitarm/bin/../lib/gcc/arm-none-eabi/8.1.0/../../../../arm-none-eabi/lib/thumb\libg.a(lib_a-malloc.o)
                0x000000000200ad50                malloc
 .text.free     0x000000000200ad64       0x14 c:/devkitpro/devkitarm/bin/../lib/gcc/arm-none-eabi/8.1.0/../../../../arm-none-eabi/lib/thumb\libg.a(lib_a-malloc.o)
                0x000000000200ad64                free
 .text._malloc_r
                0x000000000200ad78      0x560 c:/devkitpro/devkitarm/bin/../lib/gcc/arm-none-eabi/8.1.0/../../../../arm-none-eabi/lib/thumb\libg.a(lib_a-mallocr.o)
                0x000000000200ad78                _malloc_r
 .text.memcpy   0x000000000200b2d8       0x9c c:/devkitpro/devkitarm/bin/../lib/gcc/arm-none-eabi/8.1.0/../../../../arm-none-eabi/lib/thumb\libg.a(lib_a-memcpy-stub.o)
                0x000000000200b2d8                memcpy
 .text.memset   0x000000000200b374       0xb0 c:/devkitpro/devkitarm/bin/../lib/gcc/arm-none-eabi/8.1.0/../../../../arm-none-eabi/lib/thumb\libg.a(lib_a-memset.o)
                0x000000000200b374                memset
 .text.__malloc_lock
                0x000000000200b424       0x14 c:/devkitpro/devkitarm/bin/../lib/gcc/arm-none-eabi/8.1.0/../../../../arm-none-eabi/lib/thumb\libg.a(lib_a-mlock.o)
                0x000000000200b424                __malloc_lock
 .text.__malloc_unlock
                0x000000000200b438       0x14 c:/devkitpro/devkitarm/bin/../lib/gcc/arm-none-eabi/8.1.0/../../../../arm-none-eabi/lib/thumb\libg.a(lib_a-mlock.o)
                0x000000000200b438                __malloc_unlock
 .text.setvbuf  0x000000000200b44c      0x1a0 c:/devkitpro/devkitarm/bin/../lib/gcc/arm-none-eabi/8.1.0/../../../../arm-none-eabi/lib/thumb\libg.a(lib_a-setvbuf.o)
                0x000000000200b44c                setvbuf
 .text.siscanf  0x000000000200b5ec       0x4c c:/devkitpro/devkitarm/bin/../lib/gcc/arm-none-eabi/8.1.0/../../../../arm-none-eabi/lib/thumb\libg.a(lib_a-siscanf.o)
                0x000000000200b5ec                siscanf
 .text.sprintf  0x000000000200b638       0x40 c:/devkitpro/devkitarm/bin/../lib/gcc/arm-none-eabi/8.1.0/../../../../arm-none-eabi/lib/thumb\libg.a(lib_a-sprintf.o)
                0x000000000200b638                sprintf
 .text.__sread  0x000000000200b678       0x34 c:/devkitpro/devkitarm/bin/../lib/gcc/arm-none-eabi/8.1.0/../../../../arm-none-eabi/lib/thumb\libg.a(lib_a-stdio.o)
                0x000000000200b678                __sread
 .text.__seofread
                0x000000000200b6ac        0x4 c:/devkitpro/devkitarm/bin/../lib/gcc/arm-none-eabi/8.1.0/../../../../arm-none-eabi/lib/thumb\libg.a(lib_a-stdio.o)
                0x000000000200b6ac                __seofread
 .text.__swrite
                0x000000000200b6b0       0x4c c:/devkitpro/devkitarm/bin/../lib/gcc/arm-none-eabi/8.1.0/../../../../arm-none-eabi/lib/thumb\libg.a(lib_a-stdio.o)
                0x000000000200b6b0                __swrite
 .text.__sseek  0x000000000200b6fc       0x40 c:/devkitpro/devkitarm/bin/../lib/gcc/arm-none-eabi/8.1.0/../../../../arm-none-eabi/lib/thumb\libg.a(lib_a-stdio.o)
                0x000000000200b6fc                __sseek
 .text.__sclose
                0x000000000200b73c       0x10 c:/devkitpro/devkitarm/bin/../lib/gcc/arm-none-eabi/8.1.0/../../../../arm-none-eabi/lib/thumb\libg.a(lib_a-stdio.o)
                0x000000000200b73c                __sclose
 .text.strlen   0x000000000200b74c       0x6c c:/devkitpro/devkitarm/bin/../lib/gcc/arm-none-eabi/8.1.0/../../../../arm-none-eabi/lib/thumb\libg.a(lib_a-strlen-stub.o)
                0x000000000200b74c                strlen
 .text.strncpy  0x000000000200b7b8       0x84 c:/devkitpro/devkitarm/bin/../lib/gcc/arm-none-eabi/8.1.0/../../../../arm-none-eabi/lib/thumb\libg.a(lib_a-strncpy.o)
                0x000000000200b7b8                strncpy
 .text.get_arg  0x000000000200b83c       0x24 c:/devkitpro/devkitarm/bin/../lib/gcc/arm-none-eabi/8.1.0/../../../../arm-none-eabi/lib/thumb\libg.a(lib_a-svfiscanf.o)
 .text._sungetc_r
                0x000000000200b860       0x7e c:/devkitpro/devkitarm/bin/../lib/gcc/arm-none-eabi/8.1.0/../../../../arm-none-eabi/lib/thumb\libg.a(lib_a-svfiscanf.o)
                0x000000000200b860                _sungetc_r
 .text.__ssrefill_r
                0x000000000200b8de       0x42 c:/devkitpro/devkitarm/bin/../lib/gcc/arm-none-eabi/8.1.0/../../../../arm-none-eabi/lib/thumb\libg.a(lib_a-svfiscanf.o)
                0x000000000200b8de                __ssrefill_r
 .text._sfread_r
                0x000000000200b920       0x8a c:/devkitpro/devkitarm/bin/../lib/gcc/arm-none-eabi/8.1.0/../../../../arm-none-eabi/lib/thumb\libg.a(lib_a-svfiscanf.o)
                0x000000000200b920                _sfread_r
 *fill*         0x000000000200b9aa        0x2 ff
 .text.__ssvfiscanf_r
                0x000000000200b9ac     0x1b1c c:/devkitpro/devkitarm/bin/../lib/gcc/arm-none-eabi/8.1.0/../../../../arm-none-eabi/lib/thumb\libg.a(lib_a-svfiscanf.o)
                0x000000000200b9ac                __ssvfiscanf_r
 .text.get_arg  0x000000000200d4c8      0x3c8 c:/devkitpro/devkitarm/bin/../lib/gcc/arm-none-eabi/8.1.0/../../../../arm-none-eabi/lib/thumb\libg.a(lib_a-svfprintf.o)
 .text._svfprintf_r
                0x000000000200d890     0x2430 c:/devkitpro/devkitarm/bin/../lib/gcc/arm-none-eabi/8.1.0/../../../../arm-none-eabi/lib/thumb\libg.a(lib_a-svfprintf.o)
                0x000000000200d890                _svfprintf_r
 .text.__submore
                0x000000000200fcc0       0x88 c:/devkitpro/devkitarm/bin/../lib/gcc/arm-none-eabi/8.1.0/../../../../arm-none-eabi/lib/thumb\libg.a(lib_a-ungetc.o)
                0x000000000200fcc0                __submore
 .text.get_arg  0x000000000200fd48      0x3c8 c:/devkitpro/devkitarm/bin/../lib/gcc/arm-none-eabi/8.1.0/../../../../arm-none-eabi/lib/thumb\libg.a(lib_a-vfiprintf.o)
 .text.__sprint_r
                0x0000000002010110       0x20 c:/devkitpro/devkitarm/bin/../lib/gcc/arm-none-eabi/8.1.0/../../../../arm-none-eabi/lib/thumb\libg.a(lib_a-vfiprintf.o)
                0x0000000002010110                __sprint_r
 .text._vfiprintf_r
                0x0000000002010130     0x17f0 c:/devkitpro/devkitarm/bin/../lib/gcc/arm-none-eabi/8.1.0/../../../../arm-none-eabi/lib/thumb\libg.a(lib_a-vfiprintf.o)
                0x0000000002010130                _vfiprintf_r
 .text.__sbprintf
                0x0000000002011920       0x8c c:/devkitpro/devkitarm/bin/../lib/gcc/arm-none-eabi/8.1.0/../../../../arm-none-eabi/lib/thumb\libg.a(lib_a-vfiprintf.o)
 .text._wcrtomb_r
                0x00000000020119ac       0x84 c:/devkitpro/devkitarm/bin/../lib/gcc/arm-none-eabi/8.1.0/../../../../arm-none-eabi/lib/thumb\libg.a(lib_a-wcrtomb.o)
                0x00000000020119ac                _wcrtomb_r
 .text._wcsrtombs_r
                0x0000000002011a30       0x1c c:/devkitpro/devkitarm/bin/../lib/gcc/arm-none-eabi/8.1.0/../../../../arm-none-eabi/lib/thumb\libg.a(lib_a-wcsrtombs.o)
                0x0000000002011a30                _wcsrtombs_r
 .text.__swsetup_r
                0x0000000002011a4c       0xe0 c:/devkitpro/devkitarm/bin/../lib/gcc/arm-none-eabi/8.1.0/../../../../arm-none-eabi/lib/thumb\libg.a(lib_a-wsetup.o)
                0x0000000002011a4c                __swsetup_r
 .text.quorem   0x0000000002011b2c      0x15c c:/devkitpro/devkitarm/bin/../lib/gcc/arm-none-eabi/8.1.0/../../../../arm-none-eabi/lib/thumb\libg.a(lib_a-dtoa.o)
 .text._dtoa_r  0x0000000002011c88      0xfd8 c:/devkitpro/devkitarm/bin/../lib/gcc/arm-none-eabi/8.1.0/../../../../arm-none-eabi/lib/thumb\libg.a(lib_a-dtoa.o)
                0x0000000002011c88                _dtoa_r
 .text.__sflush_r
                0x0000000002012c60      0x1b8 c:/devkitpro/devkitarm/bin/../lib/gcc/arm-none-eabi/8.1.0/../../../../arm-none-eabi/lib/thumb\libg.a(lib_a-fflush.o)
                0x0000000002012c60                __sflush_r
 .text._fflush_r
                0x0000000002012e18       0x70 c:/devkitpro/devkitarm/bin/../lib/gcc/arm-none-eabi/8.1.0/../../../../arm-none-eabi/lib/thumb\libg.a(lib_a-fflush.o)
                0x0000000002012e18                _fflush_r
 .text.std      0x0000000002012e88       0x54 c:/devkitpro/devkitarm/bin/../lib/gcc/arm-none-eabi/8.1.0/../../../../arm-none-eabi/lib/thumb\libg.a(lib_a-findfp.o)
 .text._cleanup_r
                0x0000000002012edc       0x14 c:/devkitpro/devkitarm/bin/../lib/gcc/arm-none-eabi/8.1.0/../../../../arm-none-eabi/lib/thumb\libg.a(lib_a-findfp.o)
                0x0000000002012edc                _cleanup_r
 .text.__sinit  0x0000000002012ef0       0x64 c:/devkitpro/devkitarm/bin/../lib/gcc/arm-none-eabi/8.1.0/../../../../arm-none-eabi/lib/thumb\libg.a(lib_a-findfp.o)
                0x0000000002012ef0                __sinit
 .text.__sfp_lock_acquire
                0x0000000002012f54       0x14 c:/devkitpro/devkitarm/bin/../lib/gcc/arm-none-eabi/8.1.0/../../../../arm-none-eabi/lib/thumb\libg.a(lib_a-findfp.o)
                0x0000000002012f54                __sfp_lock_acquire
 .text.__sfp_lock_release
                0x0000000002012f68       0x14 c:/devkitpro/devkitarm/bin/../lib/gcc/arm-none-eabi/8.1.0/../../../../arm-none-eabi/lib/thumb\libg.a(lib_a-findfp.o)
                0x0000000002012f68                __sfp_lock_release
 .text._malloc_trim_r
                0x0000000002012f7c       0xa4 c:/devkitpro/devkitarm/bin/../lib/gcc/arm-none-eabi/8.1.0/../../../../arm-none-eabi/lib/thumb\libg.a(lib_a-freer.o)
                0x0000000002012f7c                _malloc_trim_r
 .text._free_r  0x0000000002013020      0x1e0 c:/devkitpro/devkitarm/bin/../lib/gcc/arm-none-eabi/8.1.0/../../../../arm-none-eabi/lib/thumb\libg.a(lib_a-freer.o)
                0x0000000002013020                _free_r
 .text.__sfvwrite_r
                0x0000000002013200      0x348 c:/devkitpro/devkitarm/bin/../lib/gcc/arm-none-eabi/8.1.0/../../../../arm-none-eabi/lib/thumb\libg.a(lib_a-fvwrite.o)
                0x0000000002013200                __sfvwrite_r
 .text._fwalk_reent
                0x0000000002013548       0x54 c:/devkitpro/devkitarm/bin/../lib/gcc/arm-none-eabi/8.1.0/../../../../arm-none-eabi/lib/thumb\libg.a(lib_a-fwalk.o)
                0x0000000002013548                _fwalk_reent
 .text.iswspace
                0x000000000201359c       0x78 c:/devkitpro/devkitarm/bin/../lib/gcc/arm-none-eabi/8.1.0/../../../../arm-none-eabi/lib/thumb\libg.a(lib_a-iswspace.o)
                0x000000000201359c                iswspace
 .text.__jp2uc  0x0000000002013614      0x190 c:/devkitpro/devkitarm/bin/../lib/gcc/arm-none-eabi/8.1.0/../../../../arm-none-eabi/lib/thumb\libg.a(lib_a-jp2uc.o)
 .text._jp2uc   0x00000000020137a4       0x8c c:/devkitpro/devkitarm/bin/../lib/gcc/arm-none-eabi/8.1.0/../../../../arm-none-eabi/lib/thumb\libg.a(lib_a-jp2uc.o)
                0x00000000020137a4                _jp2uc
 .text._localeconv_r
                0x0000000002013830       0x1c c:/devkitpro/devkitarm/bin/../lib/gcc/arm-none-eabi/8.1.0/../../../../arm-none-eabi/lib/thumb\libg.a(lib_a-localeconv.o)
                0x0000000002013830                _localeconv_r
 .text.__locale_mb_cur_max
                0x000000000201384c       0x20 c:/devkitpro/devkitarm/bin/../lib/gcc/arm-none-eabi/8.1.0/../../../../arm-none-eabi/lib/thumb\libg.a(lib_a-locale.o)
                0x000000000201384c                __locale_mb_cur_max
 .text.__locale_ctype_ptr_l
                0x000000000201386c        0x8 c:/devkitpro/devkitarm/bin/../lib/gcc/arm-none-eabi/8.1.0/../../../../arm-none-eabi/lib/thumb\libg.a(lib_a-locale.o)
                0x000000000201386c                __locale_ctype_ptr_l
 .text.__locale_ctype_ptr
                0x0000000002013874       0x20 c:/devkitpro/devkitarm/bin/../lib/gcc/arm-none-eabi/8.1.0/../../../../arm-none-eabi/lib/thumb\libg.a(lib_a-locale.o)
                0x0000000002013874                __locale_ctype_ptr
 .text.__swhatbuf_r
                0x0000000002013894       0x64 c:/devkitpro/devkitarm/bin/../lib/gcc/arm-none-eabi/8.1.0/../../../../arm-none-eabi/lib/thumb\libg.a(lib_a-makebuf.o)
                0x0000000002013894                __swhatbuf_r
 .text.__smakebuf_r
                0x00000000020138f8       0x98 c:/devkitpro/devkitarm/bin/../lib/gcc/arm-none-eabi/8.1.0/../../../../arm-none-eabi/lib/thumb\libg.a(lib_a-makebuf.o)
                0x00000000020138f8                __smakebuf_r
 .text._mbrtowc_r
                0x0000000002013990       0x94 c:/devkitpro/devkitarm/bin/../lib/gcc/arm-none-eabi/8.1.0/../../../../arm-none-eabi/lib/thumb\libg.a(lib_a-mbrtowc.o)
                0x0000000002013990                _mbrtowc_r
 .text.__utf8_mbtowc
                0x0000000002013a24      0x294 c:/devkitpro/devkitarm/bin/../lib/gcc/arm-none-eabi/8.1.0/../../../../arm-none-eabi/lib/thumb\libg.a(lib_a-mbtowc_r.o)
                0x0000000002013a24                __utf8_mbtowc
 .text.memchr   0x0000000002013cb8       0x84 c:/devkitpro/devkitarm/bin/../lib/gcc/arm-none-eabi/8.1.0/../../../../arm-none-eabi/lib/thumb\libg.a(lib_a-memchr-stub.o)
                0x0000000002013cb8                memchr
 .text.memmove  0x0000000002013d3c       0xb0 c:/devkitpro/devkitarm/bin/../lib/gcc/arm-none-eabi/8.1.0/../../../../arm-none-eabi/lib/thumb\libg.a(lib_a-memmove.o)
                0x0000000002013d3c                memmove
 .text._Balloc  0x0000000002013dec       0x54 c:/devkitpro/devkitarm/bin/../lib/gcc/arm-none-eabi/8.1.0/../../../../arm-none-eabi/lib/thumb\libg.a(lib_a-mprec.o)
                0x0000000002013dec                _Balloc
 .text._Bfree   0x0000000002013e40       0x14 c:/devkitpro/devkitarm/bin/../lib/gcc/arm-none-eabi/8.1.0/../../../../arm-none-eabi/lib/thumb\libg.a(lib_a-mprec.o)
                0x0000000002013e40                _Bfree
 .text.__multadd
                0x0000000002013e54       0xa0 c:/devkitpro/devkitarm/bin/../lib/gcc/arm-none-eabi/8.1.0/../../../../arm-none-eabi/lib/thumb\libg.a(lib_a-mprec.o)
                0x0000000002013e54                __multadd
 .text.__hi0bits
                0x0000000002013ef4       0x38 c:/devkitpro/devkitarm/bin/../lib/gcc/arm-none-eabi/8.1.0/../../../../arm-none-eabi/lib/thumb\libg.a(lib_a-mprec.o)
                0x0000000002013ef4                __hi0bits
 .text.__lo0bits
                0x0000000002013f2c       0x5c c:/devkitpro/devkitarm/bin/../lib/gcc/arm-none-eabi/8.1.0/../../../../arm-none-eabi/lib/thumb\libg.a(lib_a-mprec.o)
                0x0000000002013f2c                __lo0bits
 .text.__i2b    0x0000000002013f88       0x18 c:/devkitpro/devkitarm/bin/../lib/gcc/arm-none-eabi/8.1.0/../../../../arm-none-eabi/lib/thumb\libg.a(lib_a-mprec.o)
                0x0000000002013f88                __i2b
 .text.__multiply
                0x0000000002013fa0      0x17c c:/devkitpro/devkitarm/bin/../lib/gcc/arm-none-eabi/8.1.0/../../../../arm-none-eabi/lib/thumb\libg.a(lib_a-mprec.o)
                0x0000000002013fa0                __multiply
 .text.__pow5mult
                0x000000000201411c       0xc0 c:/devkitpro/devkitarm/bin/../lib/gcc/arm-none-eabi/8.1.0/../../../../arm-none-eabi/lib/thumb\libg.a(lib_a-mprec.o)
                0x000000000201411c                __pow5mult
 .text.__lshift
                0x00000000020141dc       0xd0 c:/devkitpro/devkitarm/bin/../lib/gcc/arm-none-eabi/8.1.0/../../../../arm-none-eabi/lib/thumb\libg.a(lib_a-mprec.o)
                0x00000000020141dc                __lshift
 .text.__mcmp   0x00000000020142ac       0x38 c:/devkitpro/devkitarm/bin/../lib/gcc/arm-none-eabi/8.1.0/../../../../arm-none-eabi/lib/thumb\libg.a(lib_a-mprec.o)
                0x00000000020142ac                __mcmp
 .text.__mdiff  0x00000000020142e4      0x11c c:/devkitpro/devkitarm/bin/../lib/gcc/arm-none-eabi/8.1.0/../../../../arm-none-eabi/lib/thumb\libg.a(lib_a-mprec.o)
                0x00000000020142e4                __mdiff
 .text.__d2b    0x0000000002014400       0xc0 c:/devkitpro/devkitarm/bin/../lib/gcc/arm-none-eabi/8.1.0/../../../../arm-none-eabi/lib/thumb\libg.a(lib_a-mprec.o)
                0x0000000002014400                __d2b
 .text.realloc  0x00000000020144c0       0x18 c:/devkitpro/devkitarm/bin/../lib/gcc/arm-none-eabi/8.1.0/../../../../arm-none-eabi/lib/thumb\libg.a(lib_a-realloc.o)
                0x00000000020144c0                realloc
 .text._realloc_r
                0x00000000020144d8      0x370 c:/devkitpro/devkitarm/bin/../lib/gcc/arm-none-eabi/8.1.0/../../../../arm-none-eabi/lib/thumb\libg.a(lib_a-reallocr.o)
                0x00000000020144d8                _realloc_r
 .text.__sccl   0x0000000002014848       0x78 c:/devkitpro/devkitarm/bin/../lib/gcc/arm-none-eabi/8.1.0/../../../../arm-none-eabi/lib/thumb\libg.a(lib_a-sccl.o)
                0x0000000002014848                __sccl
 .text.frexp    0x00000000020148c0       0x68 c:/devkitpro/devkitarm/bin/../lib/gcc/arm-none-eabi/8.1.0/../../../../arm-none-eabi/lib/thumb\libg.a(lib_a-s_frexp.o)
                0x00000000020148c0                frexp
 .text._strtoll_l.isra.0
                0x0000000002014928      0x1c4 c:/devkitpro/devkitarm/bin/../lib/gcc/arm-none-eabi/8.1.0/../../../../arm-none-eabi/lib/thumb\libg.a(lib_a-strtoll.o)
 .text._strtoll_r
                0x0000000002014aec       0x34 c:/devkitpro/devkitarm/bin/../lib/gcc/arm-none-eabi/8.1.0/../../../../arm-none-eabi/lib/thumb\libg.a(lib_a-strtoll.o)
                0x0000000002014aec                _strtoll_r
 .text._strtol_l.isra.0
                0x0000000002014b20      0x15c c:/devkitpro/devkitarm/bin/../lib/gcc/arm-none-eabi/8.1.0/../../../../arm-none-eabi/lib/thumb\libg.a(lib_a-strtol.o)
 .text._strtol_r
                0x0000000002014c7c       0x34 c:/devkitpro/devkitarm/bin/../lib/gcc/arm-none-eabi/8.1.0/../../../../arm-none-eabi/lib/thumb\libg.a(lib_a-strtol.o)
                0x0000000002014c7c                _strtol_r
 .text._strtoull_l.isra.0
                0x0000000002014cb0      0x1d4 c:/devkitpro/devkitarm/bin/../lib/gcc/arm-none-eabi/8.1.0/../../../../arm-none-eabi/lib/thumb\libg.a(lib_a-strtoull.o)
 .text._strtoull_r
                0x0000000002014e84       0x34 c:/devkitpro/devkitarm/bin/../lib/gcc/arm-none-eabi/8.1.0/../../../../arm-none-eabi/lib/thumb\libg.a(lib_a-strtoull.o)
                0x0000000002014e84                _strtoull_r
 .text._strtoul_l.isra.0
                0x0000000002014eb8      0x14c c:/devkitpro/devkitarm/bin/../lib/gcc/arm-none-eabi/8.1.0/../../../../arm-none-eabi/lib/thumb\libg.a(lib_a-strtoul.o)
 .text._strtoul_r
                0x0000000002015004       0x34 c:/devkitpro/devkitarm/bin/../lib/gcc/arm-none-eabi/8.1.0/../../../../arm-none-eabi/lib/thumb\libg.a(lib_a-strtoul.o)
                0x0000000002015004                _strtoul_r
 .text.__ssprint_r
                0x0000000002015038      0x124 c:/devkitpro/devkitarm/bin/../lib/gcc/arm-none-eabi/8.1.0/../../../../arm-none-eabi/lib/thumb\libg.a(lib_a-svfiprintf.o)
                0x0000000002015038                __ssprint_r
 .text._wcsnrtombs_l
                0x000000000201515c      0x134 c:/devkitpro/devkitarm/bin/../lib/gcc/arm-none-eabi/8.1.0/../../../../arm-none-eabi/lib/thumb\libg.a(lib_a-wcsnrtombs.o)
                0x000000000201515c                _wcsnrtombs_l
 .text._wcsnrtombs_r
                0x0000000002015290       0x40 c:/devkitpro/devkitarm/bin/../lib/gcc/arm-none-eabi/8.1.0/../../../../arm-none-eabi/lib/thumb\libg.a(lib_a-wcsnrtombs.o)
                0x0000000002015290                _wcsnrtombs_r
 .text.__utf8_wctomb
                0x00000000020152d0       0xbc c:/devkitpro/devkitarm/bin/../lib/gcc/arm-none-eabi/8.1.0/../../../../arm-none-eabi/lib/thumb\libg.a(lib_a-wctomb_r.o)
                0x00000000020152d0                __utf8_wctomb
 .text._calloc_r
                0x000000000201538c       0x64 c:/devkitpro/devkitarm/bin/../lib/gcc/arm-none-eabi/8.1.0/../../../../arm-none-eabi/lib/thumb\libg.a(lib_a-callocr.o)
                0x000000000201538c                _calloc_r
 .text._fclose_r
                0x00000000020153f0       0xe4 c:/devkitpro/devkitarm/bin/../lib/gcc/arm-none-eabi/8.1.0/../../../../arm-none-eabi/lib/thumb\libg.a(lib_a-fclose.o)
                0x00000000020153f0                _fclose_r
 .text.null_write
                0x00000000020154d4        0x4 c:/devkitpro/devkitarm/bin/../lib/gcc/arm-none-eabi/8.1.0/../../../../arm-none-eabi/lib/thumb\libsysbase.a(iosupport.o)
 .text._close_r
                0x00000000020154d8       0x5c c:/devkitpro/devkitarm/bin/../lib/gcc/arm-none-eabi/8.1.0/../../../../arm-none-eabi/lib/thumb\libsysbase.a(close.o)
                0x00000000020154d8                _close_r
 .text._fstat_r
                0x0000000002015534       0x4c c:/devkitpro/devkitarm/bin/../lib/gcc/arm-none-eabi/8.1.0/../../../../arm-none-eabi/lib/thumb\libsysbase.a(fstat.o)
                0x0000000002015534                _fstat_r
 .text._isatty_r
                0x0000000002015580        0x4 c:/devkitpro/devkitarm/bin/../lib/gcc/arm-none-eabi/8.1.0/../../../../arm-none-eabi/lib/thumb\libsysbase.a(isatty.o)
                0x0000000002015580                _isatty_r
 .text._lseek_r
                0x0000000002015584       0x5c c:/devkitpro/devkitarm/bin/../lib/gcc/arm-none-eabi/8.1.0/../../../../arm-none-eabi/lib/thumb\libsysbase.a(lseek.o)
                0x0000000002015584                _lseek_r
 .text._read_r  0x00000000020155e0       0x50 c:/devkitpro/devkitarm/bin/../lib/gcc/arm-none-eabi/8.1.0/../../../../arm-none-eabi/lib/thumb\libsysbase.a(read.o)
                0x00000000020155e0                _read_r
 .text._sbrk_r  0x0000000002015630       0x54 c:/devkitpro/devkitarm/bin/../lib/gcc/arm-none-eabi/8.1.0/../../../../arm-none-eabi/lib/thumb\libsysbase.a(sbrk.o)
                0x0000000002015630                _sbrk_r
 .text._write_r
                0x0000000002015684       0x50 c:/devkitpro/devkitarm/bin/../lib/gcc/arm-none-eabi/8.1.0/../../../../arm-none-eabi/lib/thumb\libsysbase.a(write.o)
                0x0000000002015684                _write_r
 .text.build_argv
                0x00000000020156d4       0x4c c:/devkitpro/devkitarm/bin/../lib/gcc/arm-none-eabi/8.1.0/../../../../arm-none-eabi/lib/thumb\libsysbase.a(build_argv.o)
                0x00000000020156d4                build_argv
 .text.__flockfile
                0x0000000002015720       0x10 c:/devkitpro/devkitarm/bin/../lib/gcc/arm-none-eabi/8.1.0/../../../../arm-none-eabi/lib/thumb\libsysbase.a(flock.o)
                0x0000000002015720                __flockfile
 .text.__funlockfile
                0x0000000002015730       0x10 c:/devkitpro/devkitarm/bin/../lib/gcc/arm-none-eabi/8.1.0/../../../../arm-none-eabi/lib/thumb\libsysbase.a(flock.o)
                0x0000000002015730                __funlockfile
 .text.__libc_lock_acquire
                0x0000000002015740       0x1c c:/devkitpro/devkitarm/bin/../lib/gcc/arm-none-eabi/8.1.0/../../../../arm-none-eabi/lib/thumb\libsysbase.a(syscall_support.o)
                0x0000000002015740                __libc_lock_acquire
 .text.__libc_lock_release
                0x000000000201575c       0x1c c:/devkitpro/devkitarm/bin/../lib/gcc/arm-none-eabi/8.1.0/../../../../arm-none-eabi/lib/thumb\libsysbase.a(syscall_support.o)
                0x000000000201575c                __libc_lock_release
 .text.__libc_lock_init_recursive
                0x0000000002015778       0x1c c:/devkitpro/devkitarm/bin/../lib/gcc/arm-none-eabi/8.1.0/../../../../arm-none-eabi/lib/thumb\libsysbase.a(syscall_support.o)
                0x0000000002015778                __libc_lock_init_recursive
 .text.__libc_lock_acquire_recursive
                0x0000000002015794       0x1c c:/devkitpro/devkitarm/bin/../lib/gcc/arm-none-eabi/8.1.0/../../../../arm-none-eabi/lib/thumb\libsysbase.a(syscall_support.o)
                0x0000000002015794                __libc_lock_acquire_recursive
 .text.__libc_lock_release_recursive
                0x00000000020157b0       0x1c c:/devkitpro/devkitarm/bin/../lib/gcc/arm-none-eabi/8.1.0/../../../../arm-none-eabi/lib/thumb\libsysbase.a(syscall_support.o)
                0x00000000020157b0                __libc_lock_release_recursive
 .text.__libc_lock_close_recursive
                0x00000000020157cc       0x1c c:/devkitpro/devkitarm/bin/../lib/gcc/arm-none-eabi/8.1.0/../../../../arm-none-eabi/lib/thumb\libsysbase.a(syscall_support.o)
                0x00000000020157cc                __libc_lock_close_recursive
 .text.__release_handle
                0x00000000020157e8       0x6c c:/devkitpro/devkitarm/bin/../lib/gcc/arm-none-eabi/8.1.0/../../../../arm-none-eabi/lib/thumb\libsysbase.a(handle_manager.o)
                0x00000000020157e8                __release_handle
 .text.__get_handle
                0x0000000002015854       0x1c c:/devkitpro/devkitarm/bin/../lib/gcc/arm-none-eabi/8.1.0/../../../../arm-none-eabi/lib/thumb\libsysbase.a(handle_manager.o)
                0x0000000002015854                __get_handle
 .text.__getreent
                0x0000000002015870       0x28 c:/devkitpro/devkitarm/bin/../lib/gcc/arm-none-eabi/8.1.0/../../../../arm-none-eabi/lib/thumb\libsysbase.a(getreent.o)
                0x0000000002015870                __getreent
 .text.__muldi3
                0x0000000002015898       0x60 c:/devkitpro/devkitarm/bin/../lib/gcc/arm-none-eabi/8.1.0/thumb\libgcc.a(_muldi3.o)
                0x0000000002015898                __muldi3
                0x0000000002015898                __aeabi_lmul
 .text.__udivmoddi4
                0x00000000020158f8      0x1a8 c:/devkitpro/devkitarm/bin/../lib/gcc/arm-none-eabi/8.1.0/thumb\libgcc.a(_udivmoddi4.o)
                0x00000000020158f8                __udivmoddi4
 .text.__udivmoddi4.__stub
                0x0000000002015aa0      0x118 linker stubs
 *(EXCLUDE_FILE(*.twl*) .gnu.warning)
 *(EXCLUDE_FILE(*.twl*) .gnu.linkonce.t*)
 *(.glue_7)
 .glue_7        0x0000000002015bc8        0x0 linker stubs
 *(.glue_7t)
 .glue_7t       0x0000000002015bc8        0x0 linker stubs
                0x0000000002015bc8                . = ALIGN (0x4)

.vfp11_veneer   0x0000000002015bc8        0x0
 .vfp11_veneer  0x0000000002015bc8        0x0 linker stubs

.v4_bx          0x0000000002015bc8        0x0
 .v4_bx         0x0000000002015bc8        0x0 linker stubs

.iplt           0x0000000002015bc8        0x0
 .iplt          0x0000000002015bc8        0x0 c:/devkitpro/devkitarm/bin/../lib/gcc/arm-none-eabi/8.1.0/../../../../arm-none-eabi/lib/thumb/ds_arm9_crt0.o

.fini           0x0000000002015bc8        0xc
 *(.fini)
 .fini          0x0000000002015bc8        0x4 c:/devkitpro/devkitarm/bin/../lib/gcc/arm-none-eabi/8.1.0/thumb/crti.o
                0x0000000002015bc8                _fini
 .fini          0x0000000002015bcc        0x8 c:/devkitpro/devkitarm/bin/../lib/gcc/arm-none-eabi/8.1.0/thumb/crtn.o
                0x0000000002015bd4                __text_end = .

.rodata         0x0000000002015bd8     0x5fa0
 *(EXCLUDE_FILE(*.twl*) .rodata)
 .rodata        0x0000000002015bd8       0x2c gba.o
 .rodata        0x0000000002015c04        0xc hardware.o
 .rodata        0x0000000002015c10     0x2004 C:/devkitPro/libnds/lib\libnds9.a(default_font.bin.o)
                0x0000000002015c10                default_font_bin
                0x0000000002017c10                default_font_bin_size
                0x0000000002017c10                default_font_bin_end
 .rodata        0x0000000002017c14       0x30 C:/devkitPro/libnds/lib\libdsgmdswifi9.a(wifi_arm9.o)
 .rodata        0x0000000002017c44       0x54 C:/devkitPro/libnds/lib\libdsgmdswifi9.a(sgIP_TCP.o)
 *all.rodata*(*)
 *(EXCLUDE_FILE(*.twl*) .roda)
 *(EXCLUDE_FILE(*.twl*) .rodata.*)
 .rodata.str1.4
                0x0000000002017c98      0x168 main.o
 .rodata.str1.4
                0x0000000002017e00       0x25 gba.o
 *fill*         0x0000000002017e25        0x3 ff
 .rodata.str1.4
                0x0000000002017e28       0x56 hardware.o
 *fill*         0x0000000002017e7e        0x2 ff
 .rodata.con_write
                0x0000000002017e80       0xd4 C:/devkitPro/libnds/lib\libnds9.a(console.o)
 .rodata.con_write.str1.4
                0x0000000002017f54       0x30 C:/devkitPro/libnds/lib\libnds9.a(console.o)
 .rodata.dotab_stdout
                0x0000000002017f84       0x70 C:/devkitPro/libnds/lib\libnds9.a(console.o)
 .rodata.str1.4
                0x0000000002017ff4       0x14 C:/devkitPro/libnds/lib\libnds9.a(console.o)
 .rodata.SIN_LUT
                0x0000000002018008      0x102 C:/devkitPro/libnds/lib\libnds9.a(trig.o)
                0x0000000002018008                SIN_LUT
 *fill*         0x000000000201810a        0x2 ff
 .rodata.str1.4
                0x000000000201810c       0x15 C:/devkitPro/libnds/lib\libdsgmdswifi9.a(sgIP_DHCP.o)
                                         0x18 (size before relaxing)
 *fill*         0x0000000002018121        0x3 ff
 .rodata.basefix.6948
                0x0000000002018124       0x22 c:/devkitpro/devkitarm/bin/../lib/gcc/arm-none-eabi/8.1.0/../../../../arm-none-eabi/lib/thumb\libg.a(lib_a-svfiscanf.o)
 .rodata._svfprintf_r.str1.1
                0x0000000002018146       0x3b c:/devkitpro/devkitarm/bin/../lib/gcc/arm-none-eabi/8.1.0/../../../../arm-none-eabi/lib/thumb\libg.a(lib_a-svfprintf.o)
 *fill*         0x0000000002018181        0x3 ff
 .rodata.blanks.7398
                0x0000000002018184       0x10 c:/devkitpro/devkitarm/bin/../lib/gcc/arm-none-eabi/8.1.0/../../../../arm-none-eabi/lib/thumb\libg.a(lib_a-svfprintf.o)
 .rodata.zeroes.7399
                0x0000000002018194       0x10 c:/devkitpro/devkitarm/bin/../lib/gcc/arm-none-eabi/8.1.0/../../../../arm-none-eabi/lib/thumb\libg.a(lib_a-svfprintf.o)
 .rodata._vfiprintf_r.str1.1
                0x00000000020181a4       0x29 c:/devkitpro/devkitarm/bin/../lib/gcc/arm-none-eabi/8.1.0/../../../../arm-none-eabi/lib/thumb\libg.a(lib_a-vfiprintf.o)
 .rodata.blanks.7381
                0x00000000020181a4       0x10 c:/devkitpro/devkitarm/bin/../lib/gcc/arm-none-eabi/8.1.0/../../../../arm-none-eabi/lib/thumb\libg.a(lib_a-vfiprintf.o)
 .rodata.zeroes.7382
                0x00000000020181b4       0x10 c:/devkitpro/devkitarm/bin/../lib/gcc/arm-none-eabi/8.1.0/../../../../arm-none-eabi/lib/thumb\libg.a(lib_a-vfiprintf.o)
 .rodata._dtoa_r.str1.4
                0x00000000020181c4       0x12 c:/devkitpro/devkitarm/bin/../lib/gcc/arm-none-eabi/8.1.0/../../../../arm-none-eabi/lib/thumb\libg.a(lib_a-dtoa.o)
 *fill*         0x00000000020181d6        0x2 ff
 .rodata.__jp2uc
                0x00000000020181d8       0x20 c:/devkitpro/devkitarm/bin/../lib/gcc/arm-none-eabi/8.1.0/../../../../arm-none-eabi/lib/thumb\libg.a(lib_a-jp2uc.o)
 .rodata._jp2uc.str1.4
                0x00000000020181f8       0x12 c:/devkitpro/devkitarm/bin/../lib/gcc/arm-none-eabi/8.1.0/../../../../arm-none-eabi/lib/thumb\libg.a(lib_a-jp2uc.o)
 *fill*         0x000000000201820a        0x2 ff
 .rodata.a1     0x000000000201820c       0xbc c:/devkitpro/devkitarm/bin/../lib/gcc/arm-none-eabi/8.1.0/../../../../arm-none-eabi/lib/thumb\libg.a(lib_a-jp2uc.o)
 .rodata.a2     0x00000000020182c8       0xbc c:/devkitpro/devkitarm/bin/../lib/gcc/arm-none-eabi/8.1.0/../../../../arm-none-eabi/lib/thumb\libg.a(lib_a-jp2uc.o)
 .rodata.a3     0x0000000002018384       0x5b c:/devkitpro/devkitarm/bin/../lib/gcc/arm-none-eabi/8.1.0/../../../../arm-none-eabi/lib/thumb\libg.a(lib_a-jp2uc.o)
 *fill*         0x00000000020183df        0x1 ff
 .rodata.a6     0x00000000020183e0       0x70 c:/devkitpro/devkitarm/bin/../lib/gcc/arm-none-eabi/8.1.0/../../../../arm-none-eabi/lib/thumb\libg.a(lib_a-jp2uc.o)
 .rodata.a7     0x0000000002018450       0xa2 c:/devkitpro/devkitarm/bin/../lib/gcc/arm-none-eabi/8.1.0/../../../../arm-none-eabi/lib/thumb\libg.a(lib_a-jp2uc.o)
 *fill*         0x00000000020184f2        0x2 ff
 .rodata.a8     0x00000000020184f4       0x40 c:/devkitpro/devkitarm/bin/../lib/gcc/arm-none-eabi/8.1.0/../../../../arm-none-eabi/lib/thumb\libg.a(lib_a-jp2uc.o)
 .rodata.b02cf  0x0000000002018534     0x172a c:/devkitpro/devkitarm/bin/../lib/gcc/arm-none-eabi/8.1.0/../../../../arm-none-eabi/lib/thumb\libg.a(lib_a-jp2uc.o)
 *fill*         0x0000000002019c5e        0x2 ff
 .rodata.d02f4  0x0000000002019c60     0x1a7c c:/devkitpro/devkitarm/bin/../lib/gcc/arm-none-eabi/8.1.0/../../../../arm-none-eabi/lib/thumb\libg.a(lib_a-jp2uc.o)
 .rodata.str1.4
                0x000000000201b6dc       0x48 c:/devkitpro/devkitarm/bin/../lib/gcc/arm-none-eabi/8.1.0/../../../../arm-none-eabi/lib/thumb\libg.a(lib_a-locale.o)
                                         0x4c (size before relaxing)
 .rodata._mbrtowc_r.str1.4
                0x000000000201b724        0x1 c:/devkitpro/devkitarm/bin/../lib/gcc/arm-none-eabi/8.1.0/../../../../arm-none-eabi/lib/thumb\libg.a(lib_a-mbrtowc.o)
 *fill*         0x000000000201b724        0x4 ff
 .rodata.__mprec_bigtens
                0x000000000201b728       0x28 c:/devkitpro/devkitarm/bin/../lib/gcc/arm-none-eabi/8.1.0/../../../../arm-none-eabi/lib/thumb\libg.a(lib_a-mprec.o)
                0x000000000201b728                __mprec_bigtens
 .rodata.__mprec_tens
                0x000000000201b750       0xc8 c:/devkitpro/devkitarm/bin/../lib/gcc/arm-none-eabi/8.1.0/../../../../arm-none-eabi/lib/thumb\libg.a(lib_a-mprec.o)
                0x000000000201b750                __mprec_tens
 .rodata.p05.6166
                0x000000000201b818        0xc c:/devkitpro/devkitarm/bin/../lib/gcc/arm-none-eabi/8.1.0/../../../../arm-none-eabi/lib/thumb\libg.a(lib_a-mprec.o)
 .rodata.__action_table
                0x000000000201b824       0x6c c:/devkitpro/devkitarm/bin/../lib/gcc/arm-none-eabi/8.1.0/../../../../arm-none-eabi/lib/thumb\libg.a(lib_a-svfiprintf.o)
                0x000000000201b824                __action_table
 .rodata.__chclass
                0x000000000201b890      0x100 c:/devkitpro/devkitarm/bin/../lib/gcc/arm-none-eabi/8.1.0/../../../../arm-none-eabi/lib/thumb\libg.a(lib_a-svfiprintf.o)
                0x000000000201b890                __chclass
 .rodata.__state_table
                0x000000000201b990       0x6c c:/devkitpro/devkitarm/bin/../lib/gcc/arm-none-eabi/8.1.0/../../../../arm-none-eabi/lib/thumb\libg.a(lib_a-svfiprintf.o)
                0x000000000201b990                __state_table
 .rodata._ctype_
                0x000000000201b9fc      0x101 c:/devkitpro/devkitarm/bin/../lib/gcc/arm-none-eabi/8.1.0/../../../../arm-none-eabi/lib/thumb\libg.a(lib_a-ctype_.o)
                0x000000000201b9fc                _ctype_
 *fill*         0x000000000201bafd        0x3 ff
 .rodata.AddDevice.str1.4
                0x000000000201bb00        0x8 c:/devkitpro/devkitarm/bin/../lib/gcc/arm-none-eabi/8.1.0/../../../../arm-none-eabi/lib/thumb\libsysbase.a(iosupport.o)
 .rodata.dotab_stdnull
                0x000000000201bb08       0x70 c:/devkitpro/devkitarm/bin/../lib/gcc/arm-none-eabi/8.1.0/../../../../arm-none-eabi/lib/thumb\libsysbase.a(iosupport.o)
                0x000000000201bb08                dotab_stdnull
 *(EXCLUDE_FILE(*.twl*) .gnu.linkonce.r*)
                0x000000000201bb78                . = ALIGN (0x4)

.ARM.extab
 *(.ARM.extab* .gnu.linkonce.armextab.*)
                0x000000000201bb78                __exidx_start = .

ARM.exidx
 *(.ARM.exidx* .gnu.linkonce.armexidx.*)
                0x000000000201bb78                __exidx_end = .
                0x000000000201bb78                . = ALIGN (0x4)
                0x000000000201bb78                PROVIDE (__preinit_array_start = .)

.preinit_array
 *(.preinit_array)
                0x000000000201bb78                PROVIDE (__preinit_array_end = .)
                0x000000000201bb78                PROVIDE (__init_array_start = .)

.init_array     0x000000000201bb78        0x4
 *(SORT_BY_NAME(.init_array.*))
 *(.init_array)
 .init_array    0x000000000201bb78        0x4 c:/devkitpro/devkitarm/bin/../lib/gcc/arm-none-eabi/8.1.0/thumb/crtbegin.o
                0x000000000201bb7c                PROVIDE (__init_array_end = .)
                [!provide]                        PROVIDE (__fini_array_start = .)

.fini_array     0x000000000201bb7c        0x4
 *(.fini_array)
 .fini_array    0x000000000201bb7c        0x4 c:/devkitpro/devkitarm/bin/../lib/gcc/arm-none-eabi/8.1.0/thumb/crtbegin.o
 *(SORT_BY_NAME(.fini_array.*))
                [!provide]                        PROVIDE (__fini_array_end = .)

.ctors          0x000000000201bb80        0x0
 *crtbegin.o(.ctors)
 *(EXCLUDE_FILE(*crtend.o) .ctors)
 *(SORT_BY_NAME(.ctors.*))
 *(.ctors)
                0x000000000201bb80                . = ALIGN (0x4)

.dtors          0x000000000201bb80        0x0
 *crtbegin.o(.dtors)
 *(EXCLUDE_FILE(*crtend.o) .dtors)
 *(SORT_BY_NAME(.dtors.*))
 *(.dtors)
                0x000000000201bb80                . = ALIGN (0x4)

.eh_frame       0x000000000201bb80        0x4
 *(.eh_frame)
 .eh_frame      0x000000000201bb80        0x0 c:/devkitpro/devkitarm/bin/../lib/gcc/arm-none-eabi/8.1.0/thumb/crtbegin.o
 .eh_frame      0x000000000201bb80        0x4 c:/devkitpro/devkitarm/bin/../lib/gcc/arm-none-eabi/8.1.0/thumb/crtend.o
                0x000000000201bb84                . = ALIGN (0x4)

.rel.dyn        0x000000000201bb84        0x0
 .rel.iplt      0x000000000201bb84        0x0 c:/devkitpro/devkitarm/bin/../lib/gcc/arm-none-eabi/8.1.0/../../../../arm-none-eabi/lib/thumb/ds_arm9_crt0.o

.gcc_except_table
                0x000000000201bb84        0x0
 *(.gcc_except_table)
                0x000000000201bb84                . = ALIGN (0x4)

.jcr
 *(.jcr)

.got
 *(.got.plt)
 *(.got)
 *(.rel.got)

.ewram          0x000000000201bb84        0x0
                0x000000000201bb84                __ewram_start = ABSOLUTE (.)
 *(.ewram)
 *ewram.*(.text)
                0x000000000201bb84                . = ALIGN (0x4)

.data           0x000000000201bb84     0x1c18
                0x000000000201bb84                __data_start = ABSOLUTE (.)
 *(EXCLUDE_FILE(*.twl*) .data)
 .data          0x000000000201bb84       0xaa globals.o
                0x000000000201bb84                slot2
                0x000000000201bb88                device
                0x000000000201bb98                ir_delay
                0x000000000201bb9c                ftp_pass
                0x000000000201bbdc                ftp_user
                0x000000000201bc1c                ftp_ip
                0x000000000201bc2c                slot_1_type
 *fill*         0x000000000201bc2e        0x2 ff
 .data          0x000000000201bc30       0x28 C:/devkitPro/libnds/lib\libnds9.a(mpu_setup.o)
 *(EXCLUDE_FILE(*.twl*) .data.*)
 .data.currentConsole
                0x000000000201bc58        0x4 C:/devkitPro/libnds/lib\libnds9.a(console.o)
                0x000000000201bc58                currentConsole
 .data.defaultConsole
                0x000000000201bc5c       0x5c C:/devkitPro/libnds/lib\libnds9.a(console.o)
                0x000000000201bc5c                defaultConsole
 .data.firstConsoleInit.6769
                0x000000000201bcb8        0x1 C:/devkitPro/libnds/lib\libnds9.a(console.o)
 .data.count    0x000000000201bcb9        0x1 C:/devkitPro/libnds/lib\libnds9.a(keys.o)
 .data.delay    0x000000000201bcba        0x1 C:/devkitPro/libnds/lib\libnds9.a(keys.o)
 .data.repeat   0x000000000201bcbb        0x1 C:/devkitPro/libnds/lib\libnds9.a(keys.o)
 .data.fifo_buffer_free
                0x000000000201bcbc        0x4 C:/devkitPro/libnds/lib\libnds9.a(fifosystem.o)
                0x000000000201bcbc                fifo_buffer_free
 .data.fifo_freewords
                0x000000000201bcc0        0x4 C:/devkitPro/libnds/lib\libnds9.a(fifosystem.o)
                0x000000000201bcc0                fifo_freewords
 .data.fifo_receive_queue
                0x000000000201bcc4        0x4 C:/devkitPro/libnds/lib\libnds9.a(fifosystem.o)
                0x000000000201bcc4                fifo_receive_queue
 .data.fifo_send_queue
                0x000000000201bcc8        0x4 C:/devkitPro/libnds/lib\libnds9.a(fifosystem.o)
                0x000000000201bcc8                fifo_send_queue
 .data.bgControl
                0x000000000201bccc       0x20 C:/devkitPro/libnds/lib\libnds9.a(background.o)
                0x000000000201bccc                bgControl
 .data.bgScrollTable
                0x000000000201bcec       0x20 C:/devkitPro/libnds/lib\libnds9.a(background.o)
                0x000000000201bcec                bgScrollTable
 .data.bgTransform
                0x000000000201bd0c       0x20 C:/devkitPro/libnds/lib\libnds9.a(background.o)
                0x000000000201bd0c                bgTransform
 .data.__malloc_av_
                0x000000000201bd2c      0x408 c:/devkitpro/devkitarm/bin/../lib/gcc/arm-none-eabi/8.1.0/../../../../arm-none-eabi/lib/thumb\libg.a(lib_a-mallocr.o)
                0x000000000201bd2c                __malloc_av_
 .data.__malloc_sbrk_base
                0x000000000201c134        0x4 c:/devkitpro/devkitarm/bin/../lib/gcc/arm-none-eabi/8.1.0/../../../../arm-none-eabi/lib/thumb\libg.a(lib_a-mallocr.o)
                0x000000000201c134                __malloc_sbrk_base
 .data.__malloc_trim_threshold
                0x000000000201c138        0x4 c:/devkitpro/devkitarm/bin/../lib/gcc/arm-none-eabi/8.1.0/../../../../arm-none-eabi/lib/thumb\libg.a(lib_a-mallocr.o)
                0x000000000201c138                __malloc_trim_threshold
 .data.__malloc_recursive_mutex
                0x000000000201c13c        0xc c:/devkitpro/devkitarm/bin/../lib/gcc/arm-none-eabi/8.1.0/../../../../arm-none-eabi/lib/thumb\libg.a(lib_a-mlock.o)
 .data.__sfp_recursive_mutex
                0x000000000201c148        0xc c:/devkitpro/devkitarm/bin/../lib/gcc/arm-none-eabi/8.1.0/../../../../arm-none-eabi/lib/thumb\libg.a(lib_a-findfp.o)
 .data.__sinit_recursive_mutex
                0x000000000201c154        0xc c:/devkitpro/devkitarm/bin/../lib/gcc/arm-none-eabi/8.1.0/../../../../arm-none-eabi/lib/thumb\libg.a(lib_a-findfp.o)
 .data._impure_ptr
                0x000000000201c160        0x4 c:/devkitpro/devkitarm/bin/../lib/gcc/arm-none-eabi/8.1.0/../../../../arm-none-eabi/lib/thumb\libg.a(lib_a-impure.o)
                0x000000000201c160                _impure_ptr
 *fill*         0x000000000201c164        0x4 ff
 .data.impure_data
                0x000000000201c168      0x460 c:/devkitpro/devkitarm/bin/../lib/gcc/arm-none-eabi/8.1.0/../../../../arm-none-eabi/lib/thumb\libg.a(lib_a-impure.o)
 .data.__global_locale
                0x000000000201c5c8      0x16c c:/devkitpro/devkitarm/bin/../lib/gcc/arm-none-eabi/8.1.0/../../../../arm-none-eabi/lib/thumb\libg.a(lib_a-locale.o)
                0x000000000201c5c8                __global_locale
 .data.devoptab_list
                0x000000000201c734       0x40 c:/devkitpro/devkitarm/bin/../lib/gcc/arm-none-eabi/8.1.0/../../../../arm-none-eabi/lib/thumb\libsysbase.a(iosupport.o)
                0x000000000201c734                devoptab_list
 .data.__hndl_lock
                0x000000000201c774        0x4 c:/devkitpro/devkitarm/bin/../lib/gcc/arm-none-eabi/8.1.0/../../../../arm-none-eabi/lib/thumb\libsysbase.a(handle_manager.o)
 .data.__stderr_handle
                0x000000000201c778        0xc c:/devkitpro/devkitarm/bin/../lib/gcc/arm-none-eabi/8.1.0/../../../../arm-none-eabi/lib/thumb\libsysbase.a(handle_manager.o)
 .data.__stdin_handle
                0x000000000201c784        0xc c:/devkitpro/devkitarm/bin/../lib/gcc/arm-none-eabi/8.1.0/../../../../arm-none-eabi/lib/thumb\libsysbase.a(handle_manager.o)
 .data.__stdout_handle
                0x000000000201c790        0xc c:/devkitpro/devkitarm/bin/../lib/gcc/arm-none-eabi/8.1.0/../../../../arm-none-eabi/lib/thumb\libsysbase.a(handle_manager.o)
 .data.handles  0x000000000201c79c     0x1000 c:/devkitpro/devkitarm/bin/../lib/gcc/arm-none-eabi/8.1.0/../../../../arm-none-eabi/lib/thumb\libsysbase.a(handle_manager.o)
 *(EXCLUDE_FILE(*.twl*) .gnu.linkonce.d*)
                0x000000000201d79c                . = ALIGN (0x4)
                0x000000000201d79c                __data_end = ABSOLUTE (.)
                0x000000000201d79c                __bss_vma = .

.igot.plt       0x000000000201d79c        0x0
 .igot.plt      0x000000000201d79c        0x0 c:/devkitpro/devkitarm/bin/../lib/gcc/arm-none-eabi/8.1.0/../../../../arm-none-eabi/lib/thumb/ds_arm9_crt0.o

.tm_clone_table
                0x000000000201d79c        0x0
 .tm_clone_table
                0x000000000201d79c        0x0 c:/devkitpro/devkitarm/bin/../lib/gcc/arm-none-eabi/8.1.0/thumb/crtbegin.o
 .tm_clone_table
                0x000000000201d79c        0x0 c:/devkitpro/devkitarm/bin/../lib/gcc/arm-none-eabi/8.1.0/thumb/crtend.o

.dtcm           0x000000000b000000        0x0 load address 0x000000000201d79c
                0x000000000201d79c                __dtcm_lma = LOADADDR (.dtcm)
                0x000000000b000000                __dtcm_start = ABSOLUTE (.)
 *(.dtcm)
 *(.dtcm.*)
                0x000000000b000000                . = ALIGN (0x4)
                0x000000000b000000                __dtcm_end = ABSOLUTE (.)

.itcm           0x0000000001000100      0x194 load address 0x000000000201d79c
                0x000000000201d79c                __itcm_lma = LOADADDR (.itcm)
                0x0000000001000100                __itcm_start = ABSOLUTE (.)
 *(.itcm)
 .itcm          0x0000000001000100       0xc8 C:/devkitPro/libnds/lib\libnds9.a(interrupts.o)
                0x0000000001000100                irqTable
 .itcm          0x00000000010001c8       0xcc C:/devkitPro/libnds/lib\libnds9.a(interruptDispatcher.o)
                0x00000000010001c8                IntrMain
 *.itcm*(.text .stub .text.*)
                0x0000000001000294                . = ALIGN (0x4)
                0x0000000001000294                __itcm_end = ABSOLUTE (.)

.vectors        0x0000000001000000        0x0 load address 0x000000000201d930
                0x000000000201d930                __vectors_lma = LOADADDR (.vectors)
                0x0000000001000000                __vectors_start = ABSOLUTE (.)
 *(.vectors .vectors.*)
                0x0000000001000000                . = ALIGN (0x4)
                0x0000000001000000                __vectors_end = ABSOLUTE (.)

.sbss           0x000000000b000000        0x0
                0x000000000b000000                __sbss_start = ABSOLUTE (.)
                0x000000000b000000                __sbss_start__ = ABSOLUTE (.)
 *(.sbss)
                0x000000000b000000                . = ALIGN (0x4)
                0x000000000b000000                __sbss_end = ABSOLUTE (.)

.bss            0x000000000201d79c    0x12884
                0x000000000201d79c                __bss_start = ABSOLUTE (.)
                0x000000000201d79c                __bss_start__ = ABSOLUTE (.)
 *(EXCLUDE_FILE(*.twl*) .dynbss)
 *(EXCLUDE_FILE(*.twl*) .gnu.linkonce.b*)
 *(EXCLUDE_FILE(*.twl*) .bss*)
 .bss.completed.9040
                0x000000000201d79c        0x1 c:/devkitpro/devkitarm/bin/../lib/gcc/arm-none-eabi/8.1.0/thumb/crtbegin.o
 *fill*         0x000000000201d79d        0x3 
 .bss.object.9045
                0x000000000201d7a0       0x18 c:/devkitpro/devkitarm/bin/../lib/gcc/arm-none-eabi/8.1.0/thumb/crtbegin.o
 .bss           0x000000000201d7b8        0x1 auxspi.o
 *fill*         0x000000000201d7b9        0x3 
 .bss           0x000000000201d7bc     0x1010 main.o
                0x000000000201d7bc                frame
                0x000000000201d7c0                DSGM_wirelessDataLength
                0x000000000201d7c4                DSGM_newWirelessData
                0x000000000201d7c8                gooddump
                0x000000000201d7cc                DSGM_buffer
 .bss           0x000000000201e7cc      0x16c globals.o
                0x000000000201e7cc                extra_size
                0x000000000201e7dc                extra_id
                0x000000000201e81c                sdslot
                0x000000000201e820                ezflash
                0x000000000201e824                mode
                0x000000000201e828                txt
                0x000000000201e928                ftp_active
                0x000000000201e92c                ftp_port
                0x000000000201e930                size_buf
                0x000000000201e934                data
 .bss.keys      0x000000000201e938        0x2 C:/devkitPro/libnds/lib\libnds9.a(keys.o)
 .bss.keysold   0x000000000201e93a        0x2 C:/devkitPro/libnds/lib\libnds9.a(keys.o)
 .bss.keysrepeat
                0x000000000201e93c        0x2 C:/devkitPro/libnds/lib\libnds9.a(keys.o)
 *fill*         0x000000000201e93e        0x2 
 .bss.processing
                0x000000000201e940        0x4 C:/devkitPro/libnds/lib\libnds9.a(fifosystem.o)
                0x000000000201e940                processing
 .bss.SDcallback
                0x000000000201e944        0x4 C:/devkitPro/libnds/lib\libnds9.a(system.o)
 .bss           0x000000000201e948       0x14 C:/devkitPro/libnds/lib\libdsgmdswifi9.a(wifi_arm9.o)
                0x000000000201e948                WifiData
                0x000000000201e94c                synchandler
                0x000000000201e950                wirelessMode
                0x000000000201e954                packethandler
                0x000000000201e958                wifi_connect_state
 .bss.__malloc_current_mallinfo
                0x000000000201e95c       0x28 c:/devkitpro/devkitarm/bin/../lib/gcc/arm-none-eabi/8.1.0/../../../../arm-none-eabi/lib/thumb\libg.a(lib_a-mallocr.o)
                0x000000000201e95c                __malloc_current_mallinfo
 .bss.__malloc_max_sbrked_mem
                0x000000000201e984        0x4 c:/devkitpro/devkitarm/bin/../lib/gcc/arm-none-eabi/8.1.0/../../../../arm-none-eabi/lib/thumb\libg.a(lib_a-mallocr.o)
                0x000000000201e984                __malloc_max_sbrked_mem
 .bss.__malloc_max_total_mem
                0x000000000201e988        0x4 c:/devkitpro/devkitarm/bin/../lib/gcc/arm-none-eabi/8.1.0/../../../../arm-none-eabi/lib/thumb\libg.a(lib_a-mallocr.o)
                0x000000000201e988                __malloc_max_total_mem
 .bss.__malloc_top_pad
                0x000000000201e98c        0x4 c:/devkitpro/devkitarm/bin/../lib/gcc/arm-none-eabi/8.1.0/../../../../arm-none-eabi/lib/thumb\libg.a(lib_a-mallocr.o)
                0x000000000201e98c                __malloc_top_pad
 .bss.heap_start.6085
                0x000000000201e990        0x4 c:/devkitpro/devkitarm/bin/../lib/gcc/arm-none-eabi/8.1.0/../../../../arm-none-eabi/lib/thumb\libsysbase.a(sbrk.o)
 .bss.fake_heap_end
                0x000000000201e994        0x4 c:/devkitpro/devkitarm/bin/../lib/gcc/arm-none-eabi/8.1.0/../../../../arm-none-eabi/lib/thumb\libsysbase.a(malloc_vars.o)
                0x000000000201e994                fake_heap_end
 .bss.fake_heap_start
                0x000000000201e998        0x4 c:/devkitpro/devkitarm/bin/../lib/gcc/arm-none-eabi/8.1.0/../../../../arm-none-eabi/lib/thumb\libsysbase.a(malloc_vars.o)
                0x000000000201e998                fake_heap_start
 .bss.__syscalls
                0x000000000201e99c       0x48 c:/devkitpro/devkitarm/bin/../lib/gcc/arm-none-eabi/8.1.0/../../../../arm-none-eabi/lib/thumb\libsysbase.a(syscall_support.o)
                0x000000000201e99c                __syscalls
 *(EXCLUDE_FILE(*.twl*) COMMON)
 COMMON         0x000000000201e9e4       0x5c C:/devkitPro/libnds/lib\libnds9.a(console.o)
                0x000000000201e9e4                currentCopy
 COMMON         0x000000000201ea40        0x1 C:/devkitPro/libnds/lib\libnds9.a(initSystem.o)
                0x000000000201ea40                __dsimode
 *fill*         0x000000000201ea41        0x3 
 COMMON         0x000000000201ea44        0x4 C:/devkitPro/libnds/lib\libnds9.a(timeSupport.o)
                0x000000000201ea44                punixTime
 COMMON         0x000000000201ea48      0xa40 C:/devkitPro/libnds/lib\libnds9.a(fifosystem.o)
                0x000000000201ea48                fifo_datamsg_data
                0x000000000201ea88                fifo_buffer
                0x000000000201f288                fifo_value32_func
                0x000000000201f2c8                fifo_address_func
                0x000000000201f308                fifo_value32_data
                0x000000000201f348                fifo_value32_queue
                0x000000000201f388                fifo_data_queue
                0x000000000201f3c8                fifo_address_data
                0x000000000201f408                fifo_datamsg_func
                0x000000000201f448                fifo_address_queue
 COMMON         0x000000000201f488      0x148 C:/devkitPro/libnds/lib\libnds9.a(background.o)
                0x000000000201f488                bgState
                0x000000000201f5c8                bgIsTextLut
 COMMON         0x000000000201f5d0     0x9fac C:/devkitPro/libnds/lib\libdsgmdswifi9.a(wifi_arm9.o)
                0x000000000201f5d0                Wifi_Data_Struct
                0x0000000002029514                wifi_hw
                0x0000000002029518                wHeapsize
                0x000000000202951c                wHeapFirst
                0x0000000002029520                wifi_connect_point
                0x0000000002029578                wHeapStart
 COMMON         0x000000000202957c       0x10 C:/devkitPro/libnds/lib\libdsgmdswifi9.a(sgIP.o)
                0x000000000202957c                count_100ms
                0x0000000002029580                count_1000ms
                0x0000000002029584                sgIP_timems
                0x0000000002029588                sgIP_errno
 COMMON         0x000000000202958c      0x400 C:/devkitPro/libnds/lib\libdsgmdswifi9.a(sgIP_ARP.o)
                0x000000000202958c                ArpRecords
 COMMON         0x000000000202998c       0x84 C:/devkitPro/libnds/lib\libdsgmdswifi9.a(sgIP_DHCP.o)
                0x000000000202998c                dhcp_rcvd_dns
                0x0000000002029998                dhcp_rcvd_snmask
                0x000000000202999c                dhcp_state
                0x00000000020299a0                dhcp_p
                0x00000000020299a4                dhcp_optionptr
                0x00000000020299a8                dhcp_int
                0x00000000020299ac                dhcp_rcvd_ip
                0x00000000020299b0                dhcp_hostname
                0x00000000020299f0                dhcp_serverip
                0x00000000020299f4                dhcp_tid
                0x00000000020299f8                dhcp_requestDNS
                0x00000000020299fc                dhcp_socket
                0x0000000002029a00                dhcp_timestart
                0x0000000002029a04                dhcp_status
                0x0000000002029a08                dhcp_rcvd_gateway
                0x0000000002029a0c                dhcp_timelastaction
 COMMON         0x0000000002029a10     0x5cb4 C:/devkitPro/libnds/lib\libdsgmdswifi9.a(sgIP_DNS.o)
                0x0000000002029a10                dnsrecord_return
                0x0000000002029f34                time_count
                0x0000000002029f38                alias_list
                0x0000000002029f4c                querydata
                0x000000000202a14c                responsedata
                0x000000000202a34c                dnsrecords
                0x000000000202f58c                ipaddr_ip
                0x000000000202f590                query_time_start
                0x000000000202f594                addr_list
                0x000000000202f5a8                ipaddr_alias
                0x000000000202f6a8                dns_sock
                0x000000000202f6ac                last_id
                0x000000000202f6b0                dnsrecord_hostent
 COMMON         0x000000000202f6c4       0x40 C:/devkitPro/libnds/lib\libdsgmdswifi9.a(sgIP_Hub.o)
                0x000000000202f6c4                ProtocolInterfaces
                0x000000000202f6cc                NumHWInterfaces
                0x000000000202f6d0                HWInterfaces
                0x000000000202f700                NumProtocolInterfaces
 COMMON         0x000000000202f704        0x4 C:/devkitPro/libnds/lib\libdsgmdswifi9.a(sgIP_IP.o)
                0x000000000202f704                idnum_count
 COMMON         0x000000000202f708      0x810 C:/devkitPro/libnds/lib\libdsgmdswifi9.a(sgIP_TCP.o)
                0x000000000202f708                tcprecords
                0x000000000202f70c                lasttime
                0x000000000202f710                port_counter
                0x000000000202f714                numsynlist
                0x000000000202f718                synlist
 COMMON         0x000000000202ff18        0x8 C:/devkitPro/libnds/lib\libdsgmdswifi9.a(sgIP_UDP.o)
                0x000000000202ff18                udpport_counter
                0x000000000202ff1c                udprecords
 COMMON         0x000000000202ff20      0x100 C:/devkitPro/libnds/lib\libdsgmdswifi9.a(sgIP_sockets.o)
                0x000000000202ff20                socketlist
                0x0000000002030020                . = ALIGN (0x4)
                0x0000000002030020                __bss_end__ = ABSOLUTE (.)
                0x0000000002030020                __end__ = ABSOLUTE (.)

.twl            0x0000000002030020        0x0 load address 0x0000000002400000
                0x0000000002400000                __arm9i_lma__ = LOADADDR (.twl)
                0x0000000002030020                __arm9i_start__ = ABSOLUTE (.)
 *(.twl)
 *.twl*(.text .stub .text.* .gnu.linkonce.t.*)
 *.twl*(.rodata)
 *.twl*(.roda)
 *.twl*(.rodata.*)
 *.twl*(.data)
 *.twl*(.data.*)
 *.twl*(.gnu.linkonce.d*)
                0x0000000002030020                __arm9i_end__ = ABSOLUTE (.)

.twl_bss        0x0000000002030020        0x0
                0x0000000002030020                __twl_bss_start__ = ABSOLUTE (.)
 *(.twl_bss)
 *.twl*(.dynbss)
 *.twl*(.gnu.linkonce.b*)
 *.twl*(.bss*)
 *.twl*(COMMON)
                0x0000000002030020                . = ALIGN (0x4)
                0x0000000002030020                __twl_bss_end__ = ABSOLUTE (.)
                0x0000000002030020                __twl_end__ = ABSOLUTE (.)

.stab
 *(.stab)

.stabstr
 *(.stabstr)

.stab.excl
 *(.stab.excl)

.stab.exclstr
 *(.stab.exclstr)

.stab.index
 *(.stab.index)

.stab.indexstr
 *(.stab.indexstr)

.comment        0x0000000000000000       0x44
 *(.comment)
 .comment       0x0000000000000000       0x22 c:/devkitpro/devkitarm/bin/../lib/gcc/arm-none-eabi/8.1.0/thumb/crtbegin.o
                                         0x23 (size before relaxing)
 .comment       0x0000000000000022       0x23 auxspi.o
 .comment       0x0000000000000022       0x23 main.o
 .comment       0x0000000000000022       0x23 gba.o
 .comment       0x0000000000000022       0x23 hardware.o
 .comment       0x0000000000000022       0x23 globals.o
 .comment       0x0000000000000022       0x23 C:/devkitPro/libnds/lib\libnds9.a(console.o)
 .comment       0x0000000000000022       0x23 C:/devkitPro/libnds/lib\libnds9.a(keys.o)
 .comment       0x0000000000000022       0x23 C:/devkitPro/libnds/lib\libnds9.a(initSystem.o)
 .comment       0x0000000000000022       0x23 C:/devkitPro/libnds/lib\libnds9.a(timeSupport.o)
 .comment       0x0000000000000022       0x23 C:/devkitPro/libnds/lib\libnds9.a(securearea.o)
 .comment       0x0000000000000022       0x23 C:/devkitPro/libnds/lib\libnds9.a(interrupts.o)
 .comment       0x0000000000000022       0x23 C:/devkitPro/libnds/lib\libnds9.a(libnds_exit.arm.o)
 .comment       0x0000000000000022       0x23 C:/devkitPro/libnds/lib\libnds9.a(fifosystem.o)
 .comment       0x0000000000000022       0x23 C:/devkitPro/libnds/lib\libnds9.a(background.o)
 .comment       0x0000000000000022       0x23 C:/devkitPro/libnds/lib\libnds9.a(video.o)
 .comment       0x0000000000000022       0x23 C:/devkitPro/libnds/lib\libnds9.a(system.o)
 .comment       0x0000000000000022       0x23 C:/devkitPro/libnds/lib\libnds9.a(trig.o)
 .comment       0x0000000000000022       0x22 C:/devkitPro/libnds/lib\libdsgmdswifi9.a(wifi_arm9.o)
                                         0x23 (size before relaxing)
 .comment       0x0000000000000044       0x23 C:/devkitPro/libnds/lib\libdsgmdswifi9.a(sgIP.o)
 .comment       0x0000000000000044       0x23 C:/devkitPro/libnds/lib\libdsgmdswifi9.a(sgIP_ARP.o)
 .comment       0x0000000000000044       0x23 C:/devkitPro/libnds/lib\libdsgmdswifi9.a(sgIP_DHCP.o)
 .comment       0x0000000000000044       0x23 C:/devkitPro/libnds/lib\libdsgmdswifi9.a(sgIP_DNS.o)
 .comment       0x0000000000000044       0x23 C:/devkitPro/libnds/lib\libdsgmdswifi9.a(sgIP_Hub.o)
 .comment       0x0000000000000044       0x23 C:/devkitPro/libnds/lib\libdsgmdswifi9.a(sgIP_IP.o)
 .comment       0x0000000000000044       0x23 C:/devkitPro/libnds/lib\libdsgmdswifi9.a(sgIP_TCP.o)
 .comment       0x0000000000000044       0x23 C:/devkitPro/libnds/lib\libdsgmdswifi9.a(sgIP_UDP.o)
 .comment       0x0000000000000044       0x23 C:/devkitPro/libnds/lib\libdsgmdswifi9.a(sgIP_memblock.o)
 .comment       0x0000000000000044       0x23 C:/devkitPro/libnds/lib\libdsgmdswifi9.a(sgIP_sockets.o)
 .comment       0x0000000000000044       0x23 C:/devkitPro/libnds/lib\libdsgmdswifi9.a(sgIP_ICMP.o)
 .comment       0x0000000000000044       0x23 c:/devkitpro/devkitarm/bin/../lib/gcc/arm-none-eabi/8.1.0/../../../../arm-none-eabi/lib/thumb\libg.a(lib_a-errno.o)
 .comment       0x0000000000000044       0x23 c:/devkitpro/devkitarm/bin/../lib/gcc/arm-none-eabi/8.1.0/../../../../arm-none-eabi/lib/thumb\libg.a(lib_a-init.o)
 .comment       0x0000000000000044       0x23 c:/devkitpro/devkitarm/bin/../lib/gcc/arm-none-eabi/8.1.0/../../../../arm-none-eabi/lib/thumb\libg.a(lib_a-iprintf.o)
 .comment       0x0000000000000044       0x23 c:/devkitpro/devkitarm/bin/../lib/gcc/arm-none-eabi/8.1.0/../../../../arm-none-eabi/lib/thumb\libg.a(lib_a-malloc.o)